20:29:22 **** Clean-only build of configuration Debug for project mastcam_mvmt ****
make clean 
rm -rf  ./src/MastcamControl.o ./src/MastcamSupport.o ./src/platform.o  ./src/MastcamControl.d ./src/MastcamSupport.d ./src/platform.d  mastcam_mvmt.elf.size  mastcam_mvmt.elf
' '
20:29:23 **** Clean-only build of project mastcam_mvmt_bsp ****
make -k clean 
make -C ps7_cortexa9_0/libsrc/coresightps_dcc_v1_4/src -s clean 
make -C ps7_cortexa9_0/libsrc/cpu_cortexa9_v2_5/src -s clean 
make -C ps7_cortexa9_0/libsrc/ddrps_v1_0/src -s clean 
make -C ps7_cortexa9_0/libsrc/devcfg_v3_5/src -s clean 
make -C ps7_cortexa9_0/libsrc/dmaps_v2_3/src -s clean 
make -C ps7_cortexa9_0/libsrc/emacps_v3_6/src -s clean 
make -C ps7_cortexa9_0/libsrc/gpiops_v3_3/src -s clean 
make -C ps7_cortexa9_0/libsrc/qspips_v3_4/src -s clean 
make -C ps7_cortexa9_0/libsrc/scugic_v3_8/src -s clean 
make -C ps7_cortexa9_0/libsrc/scutimer_v2_1/src -s clean 
make -C ps7_cortexa9_0/libsrc/scuwdt_v2_1/src -s clean 
make -C ps7_cortexa9_0/libsrc/sdps_v3_3/src -s clean 
make -C ps7_cortexa9_0/libsrc/standalone_v6_5/src -s clean 
make -C ps7_cortexa9_0/libsrc/tmrctr_v4_4/src -s clean 
make -C ps7_cortexa9_0/libsrc/uartlite_v3_2/src -s clean 
make -C ps7_cortexa9_0/libsrc/uartps_v3_5/src -s clean 
make -C ps7_cortexa9_0/libsrc/usbps_v2_4/src -s clean 
make -C ps7_cortexa9_0/libsrc/xadcps_v2_2/src -s clean 
rm -f ps7_cortexa9_0/lib/libxil.a
20:29:25 **** Build of project mastcam_mvmt_bsp ****
make -k all 
"Running Make include in ps7_cortexa9_0/libsrc/coresightps_dcc_v1_4/src"
make -C ps7_cortexa9_0/libsrc/coresightps_dcc_v1_4/src -s include  "SHELL=CMD" "COMPILER=arm-none-eabi-gcc" "ARCHIVER=arm-none-eabi-ar" "COMPILER_FLAGS=  -O2 -c" "EXTRA_COMPILER_FLAGS=-mcpu=cortex-a9 -mfpu=vfpv3 -mfloat-abi=hard -nostartfiles -Wall -Wextra"
"Running Make include in ps7_cortexa9_0/libsrc/cpu_cortexa9_v2_5/src"
make -C ps7_cortexa9_0/libsrc/cpu_cortexa9_v2_5/src -s include  "SHELL=CMD" "COMPILER=arm-none-eabi-gcc" "ARCHIVER=arm-none-eabi-ar" "COMPILER_FLAGS=  -O2 -c" "EXTRA_COMPILER_FLAGS=-mcpu=cortex-a9 -mfpu=vfpv3 -mfloat-abi=hard -nostartfiles -Wall -Wextra"
"Running Make include in ps7_cortexa9_0/libsrc/ddrps_v1_0/src"
make -C ps7_cortexa9_0/libsrc/ddrps_v1_0/src -s include  "SHELL=CMD" "COMPILER=arm-none-eabi-gcc" "ARCHIVER=arm-none-eabi-ar" "COMPILER_FLAGS=  -O2 -c" "EXTRA_COMPILER_FLAGS=-mcpu=cortex-a9 -mfpu=vfpv3 -mfloat-abi=hard -nostartfiles -Wall -Wextra"
"Running Make include in ps7_cortexa9_0/libsrc/devcfg_v3_5/src"
make -C ps7_cortexa9_0/libsrc/devcfg_v3_5/src -s include  "SHELL=CMD" "COMPILER=arm-none-eabi-gcc" "ARCHIVER=arm-none-eabi-ar" "COMPILER_FLAGS=  -O2 -c" "EXTRA_COMPILER_FLAGS=-mcpu=cortex-a9 -mfpu=vfpv3 -mfloat-abi=hard -nostartfiles -Wall -Wextra"
"Running Make include in ps7_cortexa9_0/libsrc/dmaps_v2_3/src"
make -C ps7_cortexa9_0/libsrc/dmaps_v2_3/src -s include  "SHELL=CMD" "COMPILER=arm-none-eabi-gcc" "ARCHIVER=arm-none-eabi-ar" "COMPILER_FLAGS=  -O2 -c" "EXTRA_COMPILER_FLAGS=-mcpu=cortex-a9 -mfpu=vfpv3 -mfloat-abi=hard -nostartfiles -Wall -Wextra"
"Running Make include in ps7_cortexa9_0/libsrc/emacps_v3_6/src"
make -C ps7_cortexa9_0/libsrc/emacps_v3_6/src -s include  "SHELL=CMD" "COMPILER=arm-none-eabi-gcc" "ARCHIVER=arm-none-eabi-ar" "COMPILER_FLAGS=  -O2 -c" "EXTRA_COMPILER_FLAGS=-mcpu=cortex-a9 -mfpu=vfpv3 -mfloat-abi=hard -nostartfiles -Wall -Wextra"
"Running Make include in ps7_cortexa9_0/libsrc/gpiops_v3_3/src"
make -C ps7_cortexa9_0/libsrc/gpiops_v3_3/src -s include  "SHELL=CMD" "COMPILER=arm-none-eabi-gcc" "ARCHIVER=arm-none-eabi-ar" "COMPILER_FLAGS=  -O2 -c" "EXTRA_COMPILER_FLAGS=-mcpu=cortex-a9 -mfpu=vfpv3 -mfloat-abi=hard -nostartfiles -Wall -Wextra"
"Running Make include in ps7_cortexa9_0/libsrc/qspips_v3_4/src"
make -C ps7_cortexa9_0/libsrc/qspips_v3_4/src -s include  "SHELL=CMD" "COMPILER=arm-none-eabi-gcc" "ARCHIVER=arm-none-eabi-ar" "COMPILER_FLAGS=  -O2 -c" "EXTRA_COMPILER_FLAGS=-mcpu=cortex-a9 -mfpu=vfpv3 -mfloat-abi=hard -nostartfiles -Wall -Wextra"
"Running Make include in ps7_cortexa9_0/libsrc/scugic_v3_8/src"
make -C ps7_cortexa9_0/libsrc/scugic_v3_8/src -s include  "SHELL=CMD" "COMPILER=arm-none-eabi-gcc" "ARCHIVER=arm-none-eabi-ar" "COMPILER_FLAGS=  -O2 -c" "EXTRA_COMPILER_FLAGS=-mcpu=cortex-a9 -mfpu=vfpv3 -mfloat-abi=hard -nostartfiles -Wall -Wextra"
"Running Make include in ps7_cortexa9_0/libsrc/scutimer_v2_1/src"
make -C ps7_cortexa9_0/libsrc/scutimer_v2_1/src -s include  "SHELL=CMD" "COMPILER=arm-none-eabi-gcc" "ARCHIVER=arm-none-eabi-ar" "COMPILER_FLAGS=  -O2 -c" "EXTRA_COMPILER_FLAGS=-mcpu=cortex-a9 -mfpu=vfpv3 -mfloat-abi=hard -nostartfiles -Wall -Wextra"
"Running Make include in ps7_cortexa9_0/libsrc/scuwdt_v2_1/src"
make -C ps7_cortexa9_0/libsrc/scuwdt_v2_1/src -s include  "SHELL=CMD" "COMPILER=arm-none-eabi-gcc" "ARCHIVER=arm-none-eabi-ar" "COMPILER_FLAGS=  -O2 -c" "EXTRA_COMPILER_FLAGS=-mcpu=cortex-a9 -mfpu=vfpv3 -mfloat-abi=hard -nostartfiles -Wall -Wextra"
"Running Make include in ps7_cortexa9_0/libsrc/sdps_v3_3/src"
make -C ps7_cortexa9_0/libsrc/sdps_v3_3/src -s include  "SHELL=CMD" "COMPILER=arm-none-eabi-gcc" "ARCHIVER=arm-none-eabi-ar" "COMPILER_FLAGS=  -O2 -c" "EXTRA_COMPILER_FLAGS=-mcpu=cortex-a9 -mfpu=vfpv3 -mfloat-abi=hard -nostartfiles -Wall -Wextra"
"Running Make include in ps7_cortexa9_0/libsrc/standalone_v6_5/src"
make -C ps7_cortexa9_0/libsrc/standalone_v6_5/src -s include  "SHELL=CMD" "COMPILER=arm-none-eabi-gcc" "ARCHIVER=arm-none-eabi-ar" "COMPILER_FLAGS=  -O2 -c" "EXTRA_COMPILER_FLAGS=-mcpu=cortex-a9 -mfpu=vfpv3 -mfloat-abi=hard -nostartfiles -Wall -Wextra"
"Running Make include in ps7_cortexa9_0/libsrc/tmrctr_v4_4/src"
make -C ps7_cortexa9_0/libsrc/tmrctr_v4_4/src -s include  "SHELL=CMD" "COMPILER=arm-none-eabi-gcc" "ARCHIVER=arm-none-eabi-ar" "COMPILER_FLAGS=  -O2 -c" "EXTRA_COMPILER_FLAGS=-mcpu=cortex-a9 -mfpu=vfpv3 -mfloat-abi=hard -nostartfiles -Wall -Wextra"
"Running Make include in ps7_cortexa9_0/libsrc/uartlite_v3_2/src"
make -C ps7_cortexa9_0/libsrc/uartlite_v3_2/src -s include  "SHELL=CMD" "COMPILER=arm-none-eabi-gcc" "ARCHIVER=arm-none-eabi-ar" "COMPILER_FLAGS=  -O2 -c" "EXTRA_COMPILER_FLAGS=-mcpu=cortex-a9 -mfpu=vfpv3 -mfloat-abi=hard -nostartfiles -Wall -Wextra"
"Running Make include in ps7_cortexa9_0/libsrc/uartps_v3_5/src"
make -C ps7_cortexa9_0/libsrc/uartps_v3_5/src -s include  "SHELL=CMD" "COMPILER=arm-none-eabi-gcc" "ARCHIVER=arm-none-eabi-ar" "COMPILER_FLAGS=  -O2 -c" "EXTRA_COMPILER_FLAGS=-mcpu=cortex-a9 -mfpu=vfpv3 -mfloat-abi=hard -nostartfiles -Wall -Wextra"
"Running Make include in ps7_cortexa9_0/libsrc/usbps_v2_4/src"
make -C ps7_cortexa9_0/libsrc/usbps_v2_4/src -s include  "SHELL=CMD" "COMPILER=arm-none-eabi-gcc" "ARCHIVER=arm-none-eabi-ar" "COMPILER_FLAGS=  -O2 -c" "EXTRA_COMPILER_FLAGS=-mcpu=cortex-a9 -mfpu=vfpv3 -mfloat-abi=hard -nostartfiles -Wall -Wextra"
"Running Make include in ps7_cortexa9_0/libsrc/xadcps_v2_2/src"
make -C ps7_cortexa9_0/libsrc/xadcps_v2_2/src -s include  "SHELL=CMD" "COMPILER=arm-none-eabi-gcc" "ARCHIVER=arm-none-eabi-ar" "COMPILER_FLAGS=  -O2 -c" "EXTRA_COMPILER_FLAGS=-mcpu=cortex-a9 -mfpu=vfpv3 -mfloat-abi=hard -nostartfiles -Wall -Wextra"
"Running Make libs in ps7_cortexa9_0/libsrc/coresightps_dcc_v1_4/src"
make -C ps7_cortexa9_0/libsrc/coresightps_dcc_v1_4/src -s libs  "SHELL=CMD" "COMPILER=arm-none-eabi-gcc" "ARCHIVER=arm-none-eabi-ar" "COMPILER_FLAGS=  -O2 -c" "EXTRA_COMPILER_FLAGS=-mcpu=cortex-a9 -mfpu=vfpv3 -mfloat-abi=hard -nostartfiles -Wall -Wextra"
"Compiling coresightps_dcc"
arm-none-eabi-ar: creating ../../../lib/libxil.a
"Running Make libs in ps7_cortexa9_0/libsrc/cpu_cortexa9_v2_5/src"
make -C ps7_cortexa9_0/libsrc/cpu_cortexa9_v2_5/src -s libs  "SHELL=CMD" "COMPILER=arm-none-eabi-gcc" "ARCHIVER=arm-none-eabi-ar" "COMPILER_FLAGS=  -O2 -c" "EXTRA_COMPILER_FLAGS=-mcpu=cortex-a9 -mfpu=vfpv3 -mfloat-abi=hard -nostartfiles -Wall -Wextra"
"Compiling cpu_cortexa9"
"Running Make libs in ps7_cortexa9_0/libsrc/ddrps_v1_0/src"
make -C ps7_cortexa9_0/libsrc/ddrps_v1_0/src -s libs  "SHELL=CMD" "COMPILER=arm-none-eabi-gcc" "ARCHIVER=arm-none-eabi-ar" "COMPILER_FLAGS=  -O2 -c" "EXTRA_COMPILER_FLAGS=-mcpu=cortex-a9 -mfpu=vfpv3 -mfloat-abi=hard -nostartfiles -Wall -Wextra"
"Compiling ddrps"
"Running Make libs in ps7_cortexa9_0/libsrc/devcfg_v3_5/src"
make -C ps7_cortexa9_0/libsrc/devcfg_v3_5/src -s libs  "SHELL=CMD" "COMPILER=arm-none-eabi-gcc" "ARCHIVER=arm-none-eabi-ar" "COMPILER_FLAGS=  -O2 -c" "EXTRA_COMPILER_FLAGS=-mcpu=cortex-a9 -mfpu=vfpv3 -mfloat-abi=hard -nostartfiles -Wall -Wextra"
"Compiling devcfg"
"Running Make libs in ps7_cortexa9_0/libsrc/dmaps_v2_3/src"
make -C ps7_cortexa9_0/libsrc/dmaps_v2_3/src -s libs  "SHELL=CMD" "COMPILER=arm-none-eabi-gcc" "ARCHIVER=arm-none-eabi-ar" "COMPILER_FLAGS=  -O2 -c" "EXTRA_COMPILER_FLAGS=-mcpu=cortex-a9 -mfpu=vfpv3 -mfloat-abi=hard -nostartfiles -Wall -Wextra"
"Compiling dmaps"
"Running Make libs in ps7_cortexa9_0/libsrc/emacps_v3_6/src"
make -C ps7_cortexa9_0/libsrc/emacps_v3_6/src -s libs  "SHELL=CMD" "COMPILER=arm-none-eabi-gcc" "ARCHIVER=arm-none-eabi-ar" "COMPILER_FLAGS=  -O2 -c" "EXTRA_COMPILER_FLAGS=-mcpu=cortex-a9 -mfpu=vfpv3 -mfloat-abi=hard -nostartfiles -Wall -Wextra"
"Compiling emacps"
"Running Make libs in ps7_cortexa9_0/libsrc/gpiops_v3_3/src"
make -C ps7_cortexa9_0/libsrc/gpiops_v3_3/src -s libs  "SHELL=CMD" "COMPILER=arm-none-eabi-gcc" "ARCHIVER=arm-none-eabi-ar" "COMPILER_FLAGS=  -O2 -c" "EXTRA_COMPILER_FLAGS=-mcpu=cortex-a9 -mfpu=vfpv3 -mfloat-abi=hard -nostartfiles -Wall -Wextra"
"Compiling gpiops"
"Running Make libs in ps7_cortexa9_0/libsrc/qspips_v3_4/src"
make -C ps7_cortexa9_0/libsrc/qspips_v3_4/src -s libs  "SHELL=CMD" "COMPILER=arm-none-eabi-gcc" "ARCHIVER=arm-none-eabi-ar" "COMPILER_FLAGS=  -O2 -c" "EXTRA_COMPILER_FLAGS=-mcpu=cortex-a9 -mfpu=vfpv3 -mfloat-abi=hard -nostartfiles -Wall -Wextra"
"Compiling qspips"
"Running Make libs in ps7_cortexa9_0/libsrc/scugic_v3_8/src"
make -C ps7_cortexa9_0/libsrc/scugic_v3_8/src -s libs  "SHELL=CMD" "COMPILER=arm-none-eabi-gcc" "ARCHIVER=arm-none-eabi-ar" "COMPILER_FLAGS=  -O2 -c" "EXTRA_COMPILER_FLAGS=-mcpu=cortex-a9 -mfpu=vfpv3 -mfloat-abi=hard -nostartfiles -Wall -Wextra"
"Compiling scugic"
"Running Make libs in ps7_cortexa9_0/libsrc/scutimer_v2_1/src"
make -C ps7_cortexa9_0/libsrc/scutimer_v2_1/src -s libs  "SHELL=CMD" "COMPILER=arm-none-eabi-gcc" "ARCHIVER=arm-none-eabi-ar" "COMPILER_FLAGS=  -O2 -c" "EXTRA_COMPILER_FLAGS=-mcpu=cortex-a9 -mfpu=vfpv3 -mfloat-abi=hard -nostartfiles -Wall -Wextra"
"Compiling scutimer"
"Running Make libs in ps7_cortexa9_0/libsrc/scuwdt_v2_1/src"
make -C ps7_cortexa9_0/libsrc/scuwdt_v2_1/src -s libs  "SHELL=CMD" "COMPILER=arm-none-eabi-gcc" "ARCHIVER=arm-none-eabi-ar" "COMPILER_FLAGS=  -O2 -c" "EXTRA_COMPILER_FLAGS=-mcpu=cortex-a9 -mfpu=vfpv3 -mfloat-abi=hard -nostartfiles -Wall -Wextra"
"Compiling scuwdt"
"Running Make libs in ps7_cortexa9_0/libsrc/sdps_v3_3/src"
make -C ps7_cortexa9_0/libsrc/sdps_v3_3/src -s libs  "SHELL=CMD" "COMPILER=arm-none-eabi-gcc" "ARCHIVER=arm-none-eabi-ar" "COMPILER_FLAGS=  -O2 -c" "EXTRA_COMPILER_FLAGS=-mcpu=cortex-a9 -mfpu=vfpv3 -mfloat-abi=hard -nostartfiles -Wall -Wextra"
"Compiling sdps"
"Running Make libs in ps7_cortexa9_0/libsrc/standalone_v6_5/src"
make -C ps7_cortexa9_0/libsrc/standalone_v6_5/src -s libs  "SHELL=CMD" "COMPILER=arm-none-eabi-gcc" "ARCHIVER=arm-none-eabi-ar" "COMPILER_FLAGS=  -O2 -c" "EXTRA_COMPILER_FLAGS=-mcpu=cortex-a9 -mfpu=vfpv3 -mfloat-abi=hard -nostartfiles -Wall -Wextra"
"Compiling standalone"
"Running Make libs in ps7_cortexa9_0/libsrc/tmrctr_v4_4/src"
make -C ps7_cortexa9_0/libsrc/tmrctr_v4_4/src -s libs  "SHELL=CMD" "COMPILER=arm-none-eabi-gcc" "ARCHIVER=arm-none-eabi-ar" "COMPILER_FLAGS=  -O2 -c" "EXTRA_COMPILER_FLAGS=-mcpu=cortex-a9 -mfpu=vfpv3 -mfloat-abi=hard -nostartfiles -Wall -Wextra"
"Compiling tmrctr"
"Running Make libs in ps7_cortexa9_0/libsrc/uartlite_v3_2/src"
make -C ps7_cortexa9_0/libsrc/uartlite_v3_2/src -s libs  "SHELL=CMD" "COMPILER=arm-none-eabi-gcc" "ARCHIVER=arm-none-eabi-ar" "COMPILER_FLAGS=  -O2 -c" "EXTRA_COMPILER_FLAGS=-mcpu=cortex-a9 -mfpu=vfpv3 -mfloat-abi=hard -nostartfiles -Wall -Wextra"
"Compiling uartlite"
"Running Make libs in ps7_cortexa9_0/libsrc/uartps_v3_5/src"
make -C ps7_cortexa9_0/libsrc/uartps_v3_5/src -s libs  "SHELL=CMD" "COMPILER=arm-none-eabi-gcc" "ARCHIVER=arm-none-eabi-ar" "COMPILER_FLAGS=  -O2 -c" "EXTRA_COMPILER_FLAGS=-mcpu=cortex-a9 -mfpu=vfpv3 -mfloat-abi=hard -nostartfiles -Wall -Wextra"
"Compiling uartps"
"Running Make libs in ps7_cortexa9_0/libsrc/usbps_v2_4/src"
make -C ps7_cortexa9_0/libsrc/usbps_v2_4/src -s libs  "SHELL=CMD" "COMPILER=arm-none-eabi-gcc" "ARCHIVER=arm-none-eabi-ar" "COMPILER_FLAGS=  -O2 -c" "EXTRA_COMPILER_FLAGS=-mcpu=cortex-a9 -mfpu=vfpv3 -mfloat-abi=hard -nostartfiles -Wall -Wextra"
"Compiling usbps"
"Running Make libs in ps7_cortexa9_0/libsrc/xadcps_v2_2/src"
make -C ps7_cortexa9_0/libsrc/xadcps_v2_2/src -s libs  "SHELL=CMD" "COMPILER=arm-none-eabi-gcc" "ARCHIVER=arm-none-eabi-ar" "COMPILER_FLAGS=  -O2 -c" "EXTRA_COMPILER_FLAGS=-mcpu=cortex-a9 -mfpu=vfpv3 -mfloat-abi=hard -nostartfiles -Wall -Wextra"
"Compiling xadcps"
'Finished building libraries'
20:29:52 **** Build of configuration Debug for project mastcam_mvmt ****
make pre-build main-build 
a9-linaro-pre-build-step
' '
'Building file: ../src/MastcamControl.c'
'Invoking: ARM v7 gcc compiler'
arm-none-eabi-gcc -Wall -O0 -g3 -c -fmessage-length=0 -MT"src/MastcamControl.o" -mcpu=cortex-a9 -mfpu=vfpv3 -mfloat-abi=hard -I../../mastcam_mvmt_bsp/ps7_cortexa9_0/include -MMD -MP -MF"src/MastcamControl.d" -MT"src/MastcamControl.o" -o "src/MastcamControl.o" "../src/MastcamControl.c"
In file included from ../src/MastcamControl.c:18:0:
../src/MastcamSupport.h:37:2: error: unknown type name 'Mastcam_State'
  Mastcam_State *next_state;
  ^~~~~~~~~~~~~
../src/MastcamControl.c: In function 'main':
../src/MastcamControl.c:64:6: warning: unused variable 'state_num' [-Wunused-variable]
  int state_num;
      ^~~~~~~~~
../src/MastcamControl.c:63:16: warning: unused variable 'Head' [-Wunused-variable]
  Mastcam_State Head;
                ^~~~
make: *** [src/MastcamControl.o] Error 1
20:30:14 **** Auto Build of configuration Debug for project mastcam_mvmt ****
make pre-build main-build 
a9-linaro-pre-build-step
' '
'Building file: ../src/MastcamControl.c'
'Invoking: ARM v7 gcc compiler'
arm-none-eabi-gcc -Wall -O0 -g3 -c -fmessage-length=0 -MT"src/MastcamControl.o" -mcpu=cortex-a9 -mfpu=vfpv3 -mfloat-abi=hard -I../../mastcam_mvmt_bsp/ps7_cortexa9_0/include -MMD -MP -MF"src/MastcamControl.d" -MT"src/MastcamControl.o" -o "src/MastcamControl.o" "../src/MastcamControl.c"
../src/MastcamControl.c: In function 'main':
../src/MastcamControl.c:64:6: warning: unused variable 'state_num' [-Wunused-variable]
  int state_num;
      ^~~~~~~~~
../src/MastcamControl.c:63:16: warning: unused variable 'Head' [-Wunused-variable]
  Mastcam_State Head;
                ^~~~
'Finished building: ../src/MastcamControl.c'
' '
'Building file: ../src/MastcamSupport.c'
'Invoking: ARM v7 gcc compiler'
arm-none-eabi-gcc -Wall -O0 -g3 -c -fmessage-length=0 -MT"src/MastcamSupport.o" -mcpu=cortex-a9 -mfpu=vfpv3 -mfloat-abi=hard -I../../mastcam_mvmt_bsp/ps7_cortexa9_0/include -MMD -MP -MF"src/MastcamSupport.d" -MT"src/MastcamSupport.o" -o "src/MastcamSupport.o" "../src/MastcamSupport.c"
../src/MastcamSupport.c: In function 'mastcam_getpos':
../src/MastcamSupport.c:132:6: warning: unused variable 'zenith_pos' [-Wunused-variable]
  int zenith_pos;
      ^~~~~~~~~~
../src/MastcamSupport.c:131:6: warning: unused variable 'azimuth_pos' [-Wunused-variable]
  int azimuth_pos;
      ^~~~~~~~~~~
At top level:
../src/MastcamSupport.c:48:22: warning: 'tilt_read_pos_buf' defined but not used [-Wunused-variable]
 static unsigned char tilt_read_pos_buf[READ_POS_BUF_SIZE_TX] = {LX16A_HEADER, LX16A_HEADER, TILT_MOTOR_ID, 0x03, SERVO_POS_READ, 0xde};
                      ^~~~~~~~~~~~~~~~~
'Finished building: ../src/MastcamSupport.c'
' '
'Building file: ../src/platform.c'
'Invoking: ARM v7 gcc compiler'
arm-none-eabi-gcc -Wall -O0 -g3 -c -fmessage-length=0 -MT"src/platform.o" -mcpu=cortex-a9 -mfpu=vfpv3 -mfloat-abi=hard -I../../mastcam_mvmt_bsp/ps7_cortexa9_0/include -MMD -MP -MF"src/platform.d" -MT"src/platform.o" -o "src/platform.o" "../src/platform.c"
'Finished building: ../src/platform.c'
' '
'Building target: mastcam_mvmt.elf'
'Invoking: ARM v7 gcc linker'
arm-none-eabi-gcc -mcpu=cortex-a9 -mfpu=vfpv3 -mfloat-abi=hard -Wl,-build-id=none -specs=Xilinx.spec -Wl,-T -Wl,../src/lscript.ld -L../../mastcam_mvmt_bsp/ps7_cortexa9_0/lib -o "mastcam_mvmt.elf"  ./src/MastcamControl.o ./src/MastcamSupport.o ./src/platform.o   -Wl,--start-group,-lxil,-lgcc,-lc,--end-group
'Finished building target: mastcam_mvmt.elf'
' '
'Invoking: ARM v7 Print Size'
arm-none-eabi-size mastcam_mvmt.elf  |tee "mastcam_mvmt.elf.size"
   text	   data	    bss	    dec	    hex	filename
  35048	   2860	  22600	  60508	   ec5c	mastcam_mvmt.elf
'Finished building: mastcam_mvmt.elf.size'
' '
20:30:54 **** Incremental Build of configuration Debug for project mastcam_mvmt ****
make pre-build main-build 
a9-linaro-pre-build-step
' '
'Building file: ../src/MastcamSupport.c'
'Invoking: ARM v7 gcc compiler'
arm-none-eabi-gcc -Wall -O0 -g3 -c -fmessage-length=0 -MT"src/MastcamSupport.o" -mcpu=cortex-a9 -mfpu=vfpv3 -mfloat-abi=hard -I../../mastcam_mvmt_bsp/ps7_cortexa9_0/include -MMD -MP -MF"src/MastcamSupport.d" -MT"src/MastcamSupport.o" -o "src/MastcamSupport.o" "../src/MastcamSupport.c"
../src/MastcamSupport.c: In function 'mastcam_getpos':
../src/MastcamSupport.c:132:6: warning: unused variable 'zenith_pos' [-Wunused-variable]
  int zenith_pos;
      ^~~~~~~~~~
../src/MastcamSupport.c:131:6: warning: unused variable 'azimuth_pos' [-Wunused-variable]
  int azimuth_pos;
      ^~~~~~~~~~~
At top level:
../src/MastcamSupport.c:48:22: warning: 'tilt_read_pos_buf' defined but not used [-Wunused-variable]
 static unsigned char tilt_read_pos_buf[READ_POS_BUF_SIZE_TX] = {LX16A_HEADER, LX16A_HEADER, TILT_MOTOR_ID, 0x03, SERVO_POS_READ, 0xde};
                      ^~~~~~~~~~~~~~~~~
'Finished building: ../src/MastcamSupport.c'
' '
'Building target: mastcam_mvmt.elf'
'Invoking: ARM v7 gcc linker'
arm-none-eabi-gcc -mcpu=cortex-a9 -mfpu=vfpv3 -mfloat-abi=hard -Wl,-build-id=none -specs=Xilinx.spec -Wl,-T -Wl,../src/lscript.ld -L../../mastcam_mvmt_bsp/ps7_cortexa9_0/lib -o "mastcam_mvmt.elf"  ./src/MastcamControl.o ./src/MastcamSupport.o ./src/platform.o   -Wl,--start-group,-lxil,-lgcc,-lc,--end-group
'Finished building target: mastcam_mvmt.elf'
' '
'Invoking: ARM v7 Print Size'
arm-none-eabi-size mastcam_mvmt.elf  |tee "mastcam_mvmt.elf.size"
   text	   data	    bss	    dec	    hex	filename
  35048	   2860	  22600	  60508	   ec5c	mastcam_mvmt.elf
'Finished building: mastcam_mvmt.elf.size'
' '
20:53:49 **** Auto Build of configuration Debug for project mastcam_mvmt ****
make pre-build main-build 
a9-linaro-pre-build-step
' '
'Building file: ../src/MastcamControl.c'
'Invoking: ARM v7 gcc compiler'
arm-none-eabi-gcc -Wall -O0 -g3 -c -fmessage-length=0 -MT"src/MastcamControl.o" -mcpu=cortex-a9 -mfpu=vfpv3 -mfloat-abi=hard -I../../mastcam_mvmt_bsp/ps7_cortexa9_0/include -MMD -MP -MF"src/MastcamControl.d" -MT"src/MastcamControl.o" -o "src/MastcamControl.o" "../src/MastcamControl.c"
../src/MastcamControl.c: In function 'main':
../src/MastcamControl.c:122:13: error: 'y' undeclared (first use in this function)
        case(y):
             ^
../src/MastcamControl.c:122:13: note: each undeclared identifier is reported only once for each function it appears in
../src/MastcamControl.c:126:13: error: 'n' undeclared (first use in this function)
        case(n):
             ^
../src/MastcamControl.c:127:9: error: expected expression before 'SysState'
         SysState = RUN;
         ^~~~~~~~
../src/MastcamControl.c:134:13: error: 'r' undeclared (first use in this function)
        case(r):
             ^
../src/MastcamControl.c:135:9: error: expected expression before 'SysState'
         SysState = PROGRAM;
         ^~~~~~~~
../src/MastcamControl.c:64:16: warning: unused variable 'Head' [-Wunused-variable]
  Mastcam_State Head;
                ^~~~
make: *** [src/MastcamControl.o] Error 1
20:55:19 **** Auto Build of configuration Debug for project mastcam_mvmt ****
make pre-build main-build 
a9-linaro-pre-build-step
' '
'Building file: ../src/MastcamControl.c'
'Invoking: ARM v7 gcc compiler'
arm-none-eabi-gcc -Wall -O0 -g3 -c -fmessage-length=0 -MT"src/MastcamControl.o" -mcpu=cortex-a9 -mfpu=vfpv3 -mfloat-abi=hard -I../../mastcam_mvmt_bsp/ps7_cortexa9_0/include -MMD -MP -MF"src/MastcamControl.d" -MT"src/MastcamControl.o" -o "src/MastcamControl.o" "../src/MastcamControl.c"
../src/MastcamControl.c: In function 'main':
../src/MastcamControl.c:130:9: error: a label can only be part of a statement and a declaration is not a statement
         SysState = RUN;
         ^~~~~~~~
../src/MastcamControl.c:130:18: error: expected identifier or '(' before '=' token
         SysState = RUN;
                  ^
../src/MastcamControl.c:138:9: error: a label can only be part of a statement and a declaration is not a statement
         SysState = PROGRAM;
         ^~~~~~~~
../src/MastcamControl.c:138:18: error: expected identifier or '(' before '=' token
         SysState = PROGRAM;
                  ^
../src/MastcamControl.c:67:16: warning: unused variable 'Head' [-Wunused-variable]
  Mastcam_State Head;
                ^~~~
make: *** [src/MastcamControl.o] Error 1
20:55:49 **** Auto Build of configuration Debug for project mastcam_mvmt ****
make pre-build main-build 
a9-linaro-pre-build-step
' '
'Building file: ../src/MastcamControl.c'
'Invoking: ARM v7 gcc compiler'
arm-none-eabi-gcc -Wall -O0 -g3 -c -fmessage-length=0 -MT"src/MastcamControl.o" -mcpu=cortex-a9 -mfpu=vfpv3 -mfloat-abi=hard -I../../mastcam_mvmt_bsp/ps7_cortexa9_0/include -MMD -MP -MF"src/MastcamControl.d" -MT"src/MastcamControl.o" -o "src/MastcamControl.o" "../src/MastcamControl.c"
../src/MastcamControl.c: In function 'main':
../src/MastcamControl.c:67:16: warning: unused variable 'Head' [-Wunused-variable]
  Mastcam_State Head;
                ^~~~
'Finished building: ../src/MastcamControl.c'
' '
'Building file: ../src/MastcamSupport.c'
'Invoking: ARM v7 gcc compiler'
arm-none-eabi-gcc -Wall -O0 -g3 -c -fmessage-length=0 -MT"src/MastcamSupport.o" -mcpu=cortex-a9 -mfpu=vfpv3 -mfloat-abi=hard -I../../mastcam_mvmt_bsp/ps7_cortexa9_0/include -MMD -MP -MF"src/MastcamSupport.d" -MT"src/MastcamSupport.o" -o "src/MastcamSupport.o" "../src/MastcamSupport.c"
../src/MastcamSupport.c: In function 'mastcam_getpos':
../src/MastcamSupport.c:132:6: warning: unused variable 'zenith_pos' [-Wunused-variable]
  int zenith_pos;
      ^~~~~~~~~~
../src/MastcamSupport.c:131:6: warning: unused variable 'azimuth_pos' [-Wunused-variable]
  int azimuth_pos;
      ^~~~~~~~~~~
At top level:
../src/MastcamSupport.c:48:22: warning: 'tilt_read_pos_buf' defined but not used [-Wunused-variable]
 static unsigned char tilt_read_pos_buf[READ_POS_BUF_SIZE_TX] = {LX16A_HEADER, LX16A_HEADER, TILT_MOTOR_ID, 0x03, SERVO_POS_READ, 0xde};
                      ^~~~~~~~~~~~~~~~~
'Finished building: ../src/MastcamSupport.c'
' '
'Building target: mastcam_mvmt.elf'
'Invoking: ARM v7 gcc linker'
arm-none-eabi-gcc -mcpu=cortex-a9 -mfpu=vfpv3 -mfloat-abi=hard -Wl,-build-id=none -specs=Xilinx.spec -Wl,-T -Wl,../src/lscript.ld -L../../mastcam_mvmt_bsp/ps7_cortexa9_0/lib -o "mastcam_mvmt.elf"  ./src/MastcamControl.o ./src/MastcamSupport.o ./src/platform.o   -Wl,--start-group,-lxil,-lgcc,-lc,--end-group
'Finished building target: mastcam_mvmt.elf'
' '
'Invoking: ARM v7 Print Size'
arm-none-eabi-size mastcam_mvmt.elf  |tee "mastcam_mvmt.elf.size"
   text	   data	    bss	    dec	    hex	filename
  35060	   2860	  22600	  60520	   ec68	mastcam_mvmt.elf
'Finished building: mastcam_mvmt.elf.size'
' '
20:58:24 **** Auto Build of configuration Debug for project mastcam_mvmt ****
make pre-build main-build 
a9-linaro-pre-build-step
' '
'Building file: ../src/MastcamControl.c'
'Invoking: ARM v7 gcc compiler'
arm-none-eabi-gcc -Wall -O0 -g3 -c -fmessage-length=0 -MT"src/MastcamControl.o" -mcpu=cortex-a9 -mfpu=vfpv3 -mfloat-abi=hard -I../../mastcam_mvmt_bsp/ps7_cortexa9_0/include -MMD -MP -MF"src/MastcamControl.d" -MT"src/MastcamControl.o" -o "src/MastcamControl.o" "../src/MastcamControl.c"
../src/MastcamControl.c: In function 'main':
../src/MastcamControl.c:67:16: warning: unused variable 'Head' [-Wunused-variable]
  Mastcam_State Head;
                ^~~~
'Finished building: ../src/MastcamControl.c'
' '
'Building file: ../src/MastcamSupport.c'
'Invoking: ARM v7 gcc compiler'
arm-none-eabi-gcc -Wall -O0 -g3 -c -fmessage-length=0 -MT"src/MastcamSupport.o" -mcpu=cortex-a9 -mfpu=vfpv3 -mfloat-abi=hard -I../../mastcam_mvmt_bsp/ps7_cortexa9_0/include -MMD -MP -MF"src/MastcamSupport.d" -MT"src/MastcamSupport.o" -o "src/MastcamSupport.o" "../src/MastcamSupport.c"
../src/MastcamSupport.c: In function 'mastcam_getpos':
../src/MastcamSupport.c:132:6: warning: unused variable 'zenith_pos' [-Wunused-variable]
  int zenith_pos;
      ^~~~~~~~~~
../src/MastcamSupport.c:131:6: warning: unused variable 'azimuth_pos' [-Wunused-variable]
  int azimuth_pos;
      ^~~~~~~~~~~
At top level:
../src/MastcamSupport.c:48:22: warning: 'tilt_read_pos_buf' defined but not used [-Wunused-variable]
 static unsigned char tilt_read_pos_buf[READ_POS_BUF_SIZE_TX] = {LX16A_HEADER, LX16A_HEADER, TILT_MOTOR_ID, 0x03, SERVO_POS_READ, 0xde};
                      ^~~~~~~~~~~~~~~~~
'Finished building: ../src/MastcamSupport.c'
' '
'Building target: mastcam_mvmt.elf'
'Invoking: ARM v7 gcc linker'
arm-none-eabi-gcc -mcpu=cortex-a9 -mfpu=vfpv3 -mfloat-abi=hard -Wl,-build-id=none -specs=Xilinx.spec -Wl,-T -Wl,../src/lscript.ld -L../../mastcam_mvmt_bsp/ps7_cortexa9_0/lib -o "mastcam_mvmt.elf"  ./src/MastcamControl.o ./src/MastcamSupport.o ./src/platform.o   -Wl,--start-group,-lxil,-lgcc,-lc,--end-group
'Finished building target: mastcam_mvmt.elf'
' '
'Invoking: ARM v7 Print Size'
arm-none-eabi-size mastcam_mvmt.elf  |tee "mastcam_mvmt.elf.size"
   text	   data	    bss	    dec	    hex	filename
  35100	   2860	  22600	  60560	   ec90	mastcam_mvmt.elf
'Finished building: mastcam_mvmt.elf.size'
' '
20:59:20 **** Incremental Build of configuration Debug for project mastcam_mvmt ****
make pre-build main-build 
a9-linaro-pre-build-step
' '
'Building file: ../src/MastcamSupport.c'
'Invoking: ARM v7 gcc compiler'
arm-none-eabi-gcc -Wall -O0 -g3 -c -fmessage-length=0 -MT"src/MastcamSupport.o" -mcpu=cortex-a9 -mfpu=vfpv3 -mfloat-abi=hard -I../../mastcam_mvmt_bsp/ps7_cortexa9_0/include -MMD -MP -MF"src/MastcamSupport.d" -MT"src/MastcamSupport.o" -o "src/MastcamSupport.o" "../src/MastcamSupport.c"
../src/MastcamSupport.c: In function 'mastcam_getpos':
../src/MastcamSupport.c:132:6: warning: unused variable 'zenith_pos' [-Wunused-variable]
  int zenith_pos;
      ^~~~~~~~~~
../src/MastcamSupport.c:131:6: warning: unused variable 'azimuth_pos' [-Wunused-variable]
  int azimuth_pos;
      ^~~~~~~~~~~
At top level:
../src/MastcamSupport.c:48:22: warning: 'tilt_read_pos_buf' defined but not used [-Wunused-variable]
 static unsigned char tilt_read_pos_buf[READ_POS_BUF_SIZE_TX] = {LX16A_HEADER, LX16A_HEADER, TILT_MOTOR_ID, 0x03, SERVO_POS_READ, 0xde};
                      ^~~~~~~~~~~~~~~~~
'Finished building: ../src/MastcamSupport.c'
' '
'Building target: mastcam_mvmt.elf'
'Invoking: ARM v7 gcc linker'
arm-none-eabi-gcc -mcpu=cortex-a9 -mfpu=vfpv3 -mfloat-abi=hard -Wl,-build-id=none -specs=Xilinx.spec -Wl,-T -Wl,../src/lscript.ld -L../../mastcam_mvmt_bsp/ps7_cortexa9_0/lib -o "mastcam_mvmt.elf"  ./src/MastcamControl.o ./src/MastcamSupport.o ./src/platform.o   -Wl,--start-group,-lxil,-lgcc,-lc,--end-group
'Finished building target: mastcam_mvmt.elf'
' '
'Invoking: ARM v7 Print Size'
arm-none-eabi-size mastcam_mvmt.elf  |tee "mastcam_mvmt.elf.size"
   text	   data	    bss	    dec	    hex	filename
  35100	   2860	  22600	  60560	   ec90	mastcam_mvmt.elf
'Finished building: mastcam_mvmt.elf.size'
' '
21:01:19 **** Auto Build of configuration Debug for project mastcam_mvmt ****
make pre-build main-build 
a9-linaro-pre-build-step
' '
'Building file: ../src/MastcamControl.c'
'Invoking: ARM v7 gcc compiler'
arm-none-eabi-gcc -Wall -O0 -g3 -c -fmessage-length=0 -MT"src/MastcamControl.o" -mcpu=cortex-a9 -mfpu=vfpv3 -mfloat-abi=hard -I../../mastcam_mvmt_bsp/ps7_cortexa9_0/include -MMD -MP -MF"src/MastcamControl.d" -MT"src/MastcamControl.o" -o "src/MastcamControl.o" "../src/MastcamControl.c"
../src/MastcamControl.c: In function 'main':
../src/MastcamControl.c:67:16: warning: unused variable 'Head' [-Wunused-variable]
  Mastcam_State Head;
                ^~~~
'Finished building: ../src/MastcamControl.c'
' '
'Building file: ../src/MastcamSupport.c'
'Invoking: ARM v7 gcc compiler'
arm-none-eabi-gcc -Wall -O0 -g3 -c -fmessage-length=0 -MT"src/MastcamSupport.o" -mcpu=cortex-a9 -mfpu=vfpv3 -mfloat-abi=hard -I../../mastcam_mvmt_bsp/ps7_cortexa9_0/include -MMD -MP -MF"src/MastcamSupport.d" -MT"src/MastcamSupport.o" -o "src/MastcamSupport.o" "../src/MastcamSupport.c"
../src/MastcamSupport.c: In function 'mastcam_getpos':
../src/MastcamSupport.c:132:6: warning: unused variable 'zenith_pos' [-Wunused-variable]
  int zenith_pos;
      ^~~~~~~~~~
../src/MastcamSupport.c:131:6: warning: unused variable 'azimuth_pos' [-Wunused-variable]
  int azimuth_pos;
      ^~~~~~~~~~~
At top level:
../src/MastcamSupport.c:48:22: warning: 'tilt_read_pos_buf' defined but not used [-Wunused-variable]
 static unsigned char tilt_read_pos_buf[READ_POS_BUF_SIZE_TX] = {LX16A_HEADER, LX16A_HEADER, TILT_MOTOR_ID, 0x03, SERVO_POS_READ, 0xde};
                      ^~~~~~~~~~~~~~~~~
'Finished building: ../src/MastcamSupport.c'
' '
'Building target: mastcam_mvmt.elf'
'Invoking: ARM v7 gcc linker'
arm-none-eabi-gcc -mcpu=cortex-a9 -mfpu=vfpv3 -mfloat-abi=hard -Wl,-build-id=none -specs=Xilinx.spec -Wl,-T -Wl,../src/lscript.ld -L../../mastcam_mvmt_bsp/ps7_cortexa9_0/lib -o "mastcam_mvmt.elf"  ./src/MastcamControl.o ./src/MastcamSupport.o ./src/platform.o   -Wl,--start-group,-lxil,-lgcc,-lc,--end-group
'Finished building target: mastcam_mvmt.elf'
' '
'Invoking: ARM v7 Print Size'
arm-none-eabi-size mastcam_mvmt.elf  |tee "mastcam_mvmt.elf.size"
   text	   data	    bss	    dec	    hex	filename
  35100	   2860	  22600	  60560	   ec90	mastcam_mvmt.elf
'Finished building: mastcam_mvmt.elf.size'
' '
21:01:23 **** Incremental Build of configuration Debug for project mastcam_mvmt ****
make pre-build main-build 
a9-linaro-pre-build-step
' '
'Building file: ../src/MastcamSupport.c'
'Invoking: ARM v7 gcc compiler'
arm-none-eabi-gcc -Wall -O0 -g3 -c -fmessage-length=0 -MT"src/MastcamSupport.o" -mcpu=cortex-a9 -mfpu=vfpv3 -mfloat-abi=hard -I../../mastcam_mvmt_bsp/ps7_cortexa9_0/include -MMD -MP -MF"src/MastcamSupport.d" -MT"src/MastcamSupport.o" -o "src/MastcamSupport.o" "../src/MastcamSupport.c"
../src/MastcamSupport.c: In function 'mastcam_getpos':
../src/MastcamSupport.c:132:6: warning: unused variable 'zenith_pos' [-Wunused-variable]
  int zenith_pos;
      ^~~~~~~~~~
../src/MastcamSupport.c:131:6: warning: unused variable 'azimuth_pos' [-Wunused-variable]
  int azimuth_pos;
      ^~~~~~~~~~~
At top level:
../src/MastcamSupport.c:48:22: warning: 'tilt_read_pos_buf' defined but not used [-Wunused-variable]
 static unsigned char tilt_read_pos_buf[READ_POS_BUF_SIZE_TX] = {LX16A_HEADER, LX16A_HEADER, TILT_MOTOR_ID, 0x03, SERVO_POS_READ, 0xde};
                      ^~~~~~~~~~~~~~~~~
'Finished building: ../src/MastcamSupport.c'
' '
'Building target: mastcam_mvmt.elf'
'Invoking: ARM v7 gcc linker'
arm-none-eabi-gcc -mcpu=cortex-a9 -mfpu=vfpv3 -mfloat-abi=hard -Wl,-build-id=none -specs=Xilinx.spec -Wl,-T -Wl,../src/lscript.ld -L../../mastcam_mvmt_bsp/ps7_cortexa9_0/lib -o "mastcam_mvmt.elf"  ./src/MastcamControl.o ./src/MastcamSupport.o ./src/platform.o   -Wl,--start-group,-lxil,-lgcc,-lc,--end-group
'Finished building target: mastcam_mvmt.elf'
' '
'Invoking: ARM v7 Print Size'
arm-none-eabi-size mastcam_mvmt.elf  |tee "mastcam_mvmt.elf.size"
   text	   data	    bss	    dec	    hex	filename
  35100	   2860	  22600	  60560	   ec90	mastcam_mvmt.elf
'Finished building: mastcam_mvmt.elf.size'
' '
21:01:49 **** Incremental Build of configuration Debug for project mastcam_mvmt ****
make pre-build main-build 
a9-linaro-pre-build-step
' '
'Building file: ../src/MastcamSupport.c'
'Invoking: ARM v7 gcc compiler'
arm-none-eabi-gcc -Wall -O0 -g3 -c -fmessage-length=0 -MT"src/MastcamSupport.o" -mcpu=cortex-a9 -mfpu=vfpv3 -mfloat-abi=hard -I../../mastcam_mvmt_bsp/ps7_cortexa9_0/include -MMD -MP -MF"src/MastcamSupport.d" -MT"src/MastcamSupport.o" -o "src/MastcamSupport.o" "../src/MastcamSupport.c"
../src/MastcamSupport.c: In function 'mastcam_getpos':
../src/MastcamSupport.c:132:6: warning: unused variable 'zenith_pos' [-Wunused-variable]
  int zenith_pos;
      ^~~~~~~~~~
../src/MastcamSupport.c:131:6: warning: unused variable 'azimuth_pos' [-Wunused-variable]
  int azimuth_pos;
      ^~~~~~~~~~~
At top level:
../src/MastcamSupport.c:48:22: warning: 'tilt_read_pos_buf' defined but not used [-Wunused-variable]
 static unsigned char tilt_read_pos_buf[READ_POS_BUF_SIZE_TX] = {LX16A_HEADER, LX16A_HEADER, TILT_MOTOR_ID, 0x03, SERVO_POS_READ, 0xde};
                      ^~~~~~~~~~~~~~~~~
'Finished building: ../src/MastcamSupport.c'
' '
'Building target: mastcam_mvmt.elf'
'Invoking: ARM v7 gcc linker'
arm-none-eabi-gcc -mcpu=cortex-a9 -mfpu=vfpv3 -mfloat-abi=hard -Wl,-build-id=none -specs=Xilinx.spec -Wl,-T -Wl,../src/lscript.ld -L../../mastcam_mvmt_bsp/ps7_cortexa9_0/lib -o "mastcam_mvmt.elf"  ./src/MastcamControl.o ./src/MastcamSupport.o ./src/platform.o   -Wl,--start-group,-lxil,-lgcc,-lc,--end-group
'Finished building target: mastcam_mvmt.elf'
' '
'Invoking: ARM v7 Print Size'
arm-none-eabi-size mastcam_mvmt.elf  |tee "mastcam_mvmt.elf.size"
   text	   data	    bss	    dec	    hex	filename
  35100	   2860	  22600	  60560	   ec90	mastcam_mvmt.elf
'Finished building: mastcam_mvmt.elf.size'
' '
21:03:44 **** Incremental Build of configuration Debug for project mastcam_mvmt ****
make pre-build main-build 
a9-linaro-pre-build-step
' '
'Building file: ../src/MastcamControl.c'
'Invoking: ARM v7 gcc compiler'
arm-none-eabi-gcc -Wall -O0 -g3 -c -fmessage-length=0 -MT"src/MastcamControl.o" -mcpu=cortex-a9 -mfpu=vfpv3 -mfloat-abi=hard -I../../mastcam_mvmt_bsp/ps7_cortexa9_0/include -MMD -MP -MF"src/MastcamControl.d" -MT"src/MastcamControl.o" -o "src/MastcamControl.o" "../src/MastcamControl.c"
../src/MastcamControl.c: In function 'main':
../src/MastcamControl.c:67:16: warning: unused variable 'Head' [-Wunused-variable]
  Mastcam_State Head;
                ^~~~
'Finished building: ../src/MastcamControl.c'
' '
'Building file: ../src/MastcamSupport.c'
'Invoking: ARM v7 gcc compiler'
arm-none-eabi-gcc -Wall -O0 -g3 -c -fmessage-length=0 -MT"src/MastcamSupport.o" -mcpu=cortex-a9 -mfpu=vfpv3 -mfloat-abi=hard -I../../mastcam_mvmt_bsp/ps7_cortexa9_0/include -MMD -MP -MF"src/MastcamSupport.d" -MT"src/MastcamSupport.o" -o "src/MastcamSupport.o" "../src/MastcamSupport.c"
../src/MastcamSupport.c: In function 'mastcam_getpos':
../src/MastcamSupport.c:132:6: warning: unused variable 'zenith_pos' [-Wunused-variable]
  int zenith_pos;
      ^~~~~~~~~~
../src/MastcamSupport.c:131:6: warning: unused variable 'azimuth_pos' [-Wunused-variable]
  int azimuth_pos;
      ^~~~~~~~~~~
At top level:
../src/MastcamSupport.c:48:22: warning: 'tilt_read_pos_buf' defined but not used [-Wunused-variable]
 static unsigned char tilt_read_pos_buf[READ_POS_BUF_SIZE_TX] = {LX16A_HEADER, LX16A_HEADER, TILT_MOTOR_ID, 0x03, SERVO_POS_READ, 0xde};
                      ^~~~~~~~~~~~~~~~~
'Finished building: ../src/MastcamSupport.c'
' '
'Building target: mastcam_mvmt.elf'
'Invoking: ARM v7 gcc linker'
arm-none-eabi-gcc -mcpu=cortex-a9 -mfpu=vfpv3 -mfloat-abi=hard -Wl,-build-id=none -specs=Xilinx.spec -Wl,-T -Wl,../src/lscript.ld -L../../mastcam_mvmt_bsp/ps7_cortexa9_0/lib -o "mastcam_mvmt.elf"  ./src/MastcamControl.o ./src/MastcamSupport.o ./src/platform.o   -Wl,--start-group,-lxil,-lgcc,-lc,--end-group
'Finished building target: mastcam_mvmt.elf'
' '
'Invoking: ARM v7 Print Size'
arm-none-eabi-size mastcam_mvmt.elf  |tee "mastcam_mvmt.elf.size"
   text	   data	    bss	    dec	    hex	filename
  35164	   2860	  22600	  60624	   ecd0	mastcam_mvmt.elf
'Finished building: mastcam_mvmt.elf.size'
' '
21:04:05 **** Incremental Build of configuration Debug for project mastcam_mvmt ****
make pre-build main-build 
a9-linaro-pre-build-step
' '
'Building file: ../src/MastcamSupport.c'
'Invoking: ARM v7 gcc compiler'
arm-none-eabi-gcc -Wall -O0 -g3 -c -fmessage-length=0 -MT"src/MastcamSupport.o" -mcpu=cortex-a9 -mfpu=vfpv3 -mfloat-abi=hard -I../../mastcam_mvmt_bsp/ps7_cortexa9_0/include -MMD -MP -MF"src/MastcamSupport.d" -MT"src/MastcamSupport.o" -o "src/MastcamSupport.o" "../src/MastcamSupport.c"
../src/MastcamSupport.c: In function 'mastcam_getpos':
../src/MastcamSupport.c:132:6: warning: unused variable 'zenith_pos' [-Wunused-variable]
  int zenith_pos;
      ^~~~~~~~~~
../src/MastcamSupport.c:131:6: warning: unused variable 'azimuth_pos' [-Wunused-variable]
  int azimuth_pos;
      ^~~~~~~~~~~
At top level:
../src/MastcamSupport.c:48:22: warning: 'tilt_read_pos_buf' defined but not used [-Wunused-variable]
 static unsigned char tilt_read_pos_buf[READ_POS_BUF_SIZE_TX] = {LX16A_HEADER, LX16A_HEADER, TILT_MOTOR_ID, 0x03, SERVO_POS_READ, 0xde};
                      ^~~~~~~~~~~~~~~~~
'Finished building: ../src/MastcamSupport.c'
' '
'Building target: mastcam_mvmt.elf'
'Invoking: ARM v7 gcc linker'
arm-none-eabi-gcc -mcpu=cortex-a9 -mfpu=vfpv3 -mfloat-abi=hard -Wl,-build-id=none -specs=Xilinx.spec -Wl,-T -Wl,../src/lscript.ld -L../../mastcam_mvmt_bsp/ps7_cortexa9_0/lib -o "mastcam_mvmt.elf"  ./src/MastcamControl.o ./src/MastcamSupport.o ./src/platform.o   -Wl,--start-group,-lxil,-lgcc,-lc,--end-group
'Finished building target: mastcam_mvmt.elf'
' '
'Invoking: ARM v7 Print Size'
arm-none-eabi-size mastcam_mvmt.elf  |tee "mastcam_mvmt.elf.size"
   text	   data	    bss	    dec	    hex	filename
  35164	   2860	  22600	  60624	   ecd0	mastcam_mvmt.elf
'Finished building: mastcam_mvmt.elf.size'
' '
21:04:18 **** Incremental Build of configuration Debug for project mastcam_mvmt ****
make pre-build main-build 
a9-linaro-pre-build-step
' '
'Building file: ../src/MastcamSupport.c'
'Invoking: ARM v7 gcc compiler'
arm-none-eabi-gcc -Wall -O0 -g3 -c -fmessage-length=0 -MT"src/MastcamSupport.o" -mcpu=cortex-a9 -mfpu=vfpv3 -mfloat-abi=hard -I../../mastcam_mvmt_bsp/ps7_cortexa9_0/include -MMD -MP -MF"src/MastcamSupport.d" -MT"src/MastcamSupport.o" -o "src/MastcamSupport.o" "../src/MastcamSupport.c"
../src/MastcamSupport.c: In function 'mastcam_getpos':
../src/MastcamSupport.c:132:6: warning: unused variable 'zenith_pos' [-Wunused-variable]
  int zenith_pos;
      ^~~~~~~~~~
../src/MastcamSupport.c:131:6: warning: unused variable 'azimuth_pos' [-Wunused-variable]
  int azimuth_pos;
      ^~~~~~~~~~~
At top level:
../src/MastcamSupport.c:48:22: warning: 'tilt_read_pos_buf' defined but not used [-Wunused-variable]
 static unsigned char tilt_read_pos_buf[READ_POS_BUF_SIZE_TX] = {LX16A_HEADER, LX16A_HEADER, TILT_MOTOR_ID, 0x03, SERVO_POS_READ, 0xde};
                      ^~~~~~~~~~~~~~~~~
'Finished building: ../src/MastcamSupport.c'
' '
'Building target: mastcam_mvmt.elf'
'Invoking: ARM v7 gcc linker'
arm-none-eabi-gcc -mcpu=cortex-a9 -mfpu=vfpv3 -mfloat-abi=hard -Wl,-build-id=none -specs=Xilinx.spec -Wl,-T -Wl,../src/lscript.ld -L../../mastcam_mvmt_bsp/ps7_cortexa9_0/lib -o "mastcam_mvmt.elf"  ./src/MastcamControl.o ./src/MastcamSupport.o ./src/platform.o   -Wl,--start-group,-lxil,-lgcc,-lc,--end-group
'Finished building target: mastcam_mvmt.elf'
' '
'Invoking: ARM v7 Print Size'
arm-none-eabi-size mastcam_mvmt.elf  |tee "mastcam_mvmt.elf.size"
   text	   data	    bss	    dec	    hex	filename
  35164	   2860	  22600	  60624	   ecd0	mastcam_mvmt.elf
'Finished building: mastcam_mvmt.elf.size'
' '
21:36:18 **** Incremental Build of configuration Debug for project mastcam_mvmt ****
make pre-build main-build 
a9-linaro-pre-build-step
' '
'Building file: ../src/MastcamControl.c'
'Invoking: ARM v7 gcc compiler'
arm-none-eabi-gcc -Wall -O0 -g3 -c -fmessage-length=0 -MT"src/MastcamControl.o" -mcpu=cortex-a9 -mfpu=vfpv3 -mfloat-abi=hard -I../../mastcam_mvmt_bsp/ps7_cortexa9_0/include -MMD -MP -MF"src/MastcamControl.d" -MT"src/MastcamControl.o" -o "src/MastcamControl.o" "../src/MastcamControl.c"
../src/MastcamControl.c: In function 'main':
../src/MastcamControl.c:67:16: warning: unused variable 'Head' [-Wunused-variable]
  Mastcam_State Head;
                ^~~~
'Finished building: ../src/MastcamControl.c'
' '
'Building file: ../src/MastcamSupport.c'
'Invoking: ARM v7 gcc compiler'
arm-none-eabi-gcc -Wall -O0 -g3 -c -fmessage-length=0 -MT"src/MastcamSupport.o" -mcpu=cortex-a9 -mfpu=vfpv3 -mfloat-abi=hard -I../../mastcam_mvmt_bsp/ps7_cortexa9_0/include -MMD -MP -MF"src/MastcamSupport.d" -MT"src/MastcamSupport.o" -o "src/MastcamSupport.o" "../src/MastcamSupport.c"
../src/MastcamSupport.c: In function 'mastcam_getpos':
../src/MastcamSupport.c:132:6: warning: unused variable 'zenith_pos' [-Wunused-variable]
  int zenith_pos;
      ^~~~~~~~~~
../src/MastcamSupport.c:131:6: warning: unused variable 'azimuth_pos' [-Wunused-variable]
  int azimuth_pos;
      ^~~~~~~~~~~
At top level:
../src/MastcamSupport.c:48:22: warning: 'tilt_read_pos_buf' defined but not used [-Wunused-variable]
 static unsigned char tilt_read_pos_buf[READ_POS_BUF_SIZE_TX] = {LX16A_HEADER, LX16A_HEADER, TILT_MOTOR_ID, 0x03, SERVO_POS_READ, 0xde};
                      ^~~~~~~~~~~~~~~~~
'Finished building: ../src/MastcamSupport.c'
' '
'Building target: mastcam_mvmt.elf'
'Invoking: ARM v7 gcc linker'
arm-none-eabi-gcc -mcpu=cortex-a9 -mfpu=vfpv3 -mfloat-abi=hard -Wl,-build-id=none -specs=Xilinx.spec -Wl,-T -Wl,../src/lscript.ld -L../../mastcam_mvmt_bsp/ps7_cortexa9_0/lib -o "mastcam_mvmt.elf"  ./src/MastcamControl.o ./src/MastcamSupport.o ./src/platform.o   -Wl,--start-group,-lxil,-lgcc,-lc,--end-group
'Finished building target: mastcam_mvmt.elf'
' '
'Invoking: ARM v7 Print Size'
arm-none-eabi-size mastcam_mvmt.elf  |tee "mastcam_mvmt.elf.size"
   text	   data	    bss	    dec	    hex	filename
  35328	   2860	  22600	  60788	   ed74	mastcam_mvmt.elf
'Finished building: mastcam_mvmt.elf.size'
' '
21:43:39 **** Auto Build of configuration Debug for project mastcam_mvmt ****
make pre-build main-build 
a9-linaro-pre-build-step
' '
'Building file: ../src/MastcamControl.c'
'Invoking: ARM v7 gcc compiler'
arm-none-eabi-gcc -Wall -O0 -g3 -c -fmessage-length=0 -MT"src/MastcamControl.o" -mcpu=cortex-a9 -mfpu=vfpv3 -mfloat-abi=hard -I../../mastcam_mvmt_bsp/ps7_cortexa9_0/include -MMD -MP -MF"src/MastcamControl.d" -MT"src/MastcamControl.o" -o "src/MastcamControl.o" "../src/MastcamControl.c"
../src/MastcamControl.c: In function 'main':
../src/MastcamControl.c:95:5: error: 'print_flag_dbg' undeclared (first use in this function)
     print_flag_dbg = 0;
     ^~~~~~~~~~~~~~
../src/MastcamControl.c:95:5: note: each undeclared identifier is reported only once for each function it appears in
../src/MastcamControl.c:67:16: warning: unused variable 'Head' [-Wunused-variable]
  Mastcam_State Head;
                ^~~~
make: *** [src/MastcamControl.o] Error 1
21:43:48 **** Auto Build of configuration Debug for project mastcam_mvmt ****
make pre-build main-build 
a9-linaro-pre-build-step
' '
'Building file: ../src/MastcamControl.c'
'Invoking: ARM v7 gcc compiler'
arm-none-eabi-gcc -Wall -O0 -g3 -c -fmessage-length=0 -MT"src/MastcamControl.o" -mcpu=cortex-a9 -mfpu=vfpv3 -mfloat-abi=hard -I../../mastcam_mvmt_bsp/ps7_cortexa9_0/include -MMD -MP -MF"src/MastcamControl.d" -MT"src/MastcamControl.o" -o "src/MastcamControl.o" "../src/MastcamControl.c"
../src/MastcamControl.c: In function 'main':
../src/MastcamControl.c:162:7: error: 'print_flag_dbg' undeclared (first use in this function)
       print_flag_dbg = 0;
       ^~~~~~~~~~~~~~
../src/MastcamControl.c:162:7: note: each undeclared identifier is reported only once for each function it appears in
../src/MastcamControl.c:67:16: warning: unused variable 'Head' [-Wunused-variable]
  Mastcam_State Head;
                ^~~~
make: *** [src/MastcamControl.o] Error 1
21:44:10 **** Auto Build of configuration Debug for project mastcam_mvmt ****
make pre-build main-build 
a9-linaro-pre-build-step
' '
'Building file: ../src/MastcamControl.c'
'Invoking: ARM v7 gcc compiler'
arm-none-eabi-gcc -Wall -O0 -g3 -c -fmessage-length=0 -MT"src/MastcamControl.o" -mcpu=cortex-a9 -mfpu=vfpv3 -mfloat-abi=hard -I../../mastcam_mvmt_bsp/ps7_cortexa9_0/include -MMD -MP -MF"src/MastcamControl.d" -MT"src/MastcamControl.o" -o "src/MastcamControl.o" "../src/MastcamControl.c"
../src/MastcamControl.c: In function 'main':
../src/MastcamControl.c:67:16: warning: unused variable 'Head' [-Wunused-variable]
  Mastcam_State Head;
                ^~~~
'Finished building: ../src/MastcamControl.c'
' '
'Building file: ../src/MastcamSupport.c'
'Invoking: ARM v7 gcc compiler'
arm-none-eabi-gcc -Wall -O0 -g3 -c -fmessage-length=0 -MT"src/MastcamSupport.o" -mcpu=cortex-a9 -mfpu=vfpv3 -mfloat-abi=hard -I../../mastcam_mvmt_bsp/ps7_cortexa9_0/include -MMD -MP -MF"src/MastcamSupport.d" -MT"src/MastcamSupport.o" -o "src/MastcamSupport.o" "../src/MastcamSupport.c"
../src/MastcamSupport.c: In function 'mastcam_getpos':
../src/MastcamSupport.c:132:6: warning: unused variable 'zenith_pos' [-Wunused-variable]
  int zenith_pos;
      ^~~~~~~~~~
../src/MastcamSupport.c:131:6: warning: unused variable 'azimuth_pos' [-Wunused-variable]
  int azimuth_pos;
      ^~~~~~~~~~~
At top level:
../src/MastcamSupport.c:48:22: warning: 'tilt_read_pos_buf' defined but not used [-Wunused-variable]
 static unsigned char tilt_read_pos_buf[READ_POS_BUF_SIZE_TX] = {LX16A_HEADER, LX16A_HEADER, TILT_MOTOR_ID, 0x03, SERVO_POS_READ, 0xde};
                      ^~~~~~~~~~~~~~~~~
'Finished building: ../src/MastcamSupport.c'
' '
'Building target: mastcam_mvmt.elf'
'Invoking: ARM v7 gcc linker'
arm-none-eabi-gcc -mcpu=cortex-a9 -mfpu=vfpv3 -mfloat-abi=hard -Wl,-build-id=none -specs=Xilinx.spec -Wl,-T -Wl,../src/lscript.ld -L../../mastcam_mvmt_bsp/ps7_cortexa9_0/lib -o "mastcam_mvmt.elf"  ./src/MastcamControl.o ./src/MastcamSupport.o ./src/platform.o   -Wl,--start-group,-lxil,-lgcc,-lc,--end-group
'Finished building target: mastcam_mvmt.elf'
' '
'Invoking: ARM v7 Print Size'
arm-none-eabi-size mastcam_mvmt.elf  |tee "mastcam_mvmt.elf.size"
   text	   data	    bss	    dec	    hex	filename
  35328	   2860	  22600	  60788	   ed74	mastcam_mvmt.elf
'Finished building: mastcam_mvmt.elf.size'
' '
21:44:22 **** Incremental Build of configuration Debug for project mastcam_mvmt ****
make pre-build main-build 
a9-linaro-pre-build-step
' '
'Building file: ../src/MastcamSupport.c'
'Invoking: ARM v7 gcc compiler'
arm-none-eabi-gcc -Wall -O0 -g3 -c -fmessage-length=0 -MT"src/MastcamSupport.o" -mcpu=cortex-a9 -mfpu=vfpv3 -mfloat-abi=hard -I../../mastcam_mvmt_bsp/ps7_cortexa9_0/include -MMD -MP -MF"src/MastcamSupport.d" -MT"src/MastcamSupport.o" -o "src/MastcamSupport.o" "../src/MastcamSupport.c"
../src/MastcamSupport.c: In function 'mastcam_getpos':
../src/MastcamSupport.c:132:6: warning: unused variable 'zenith_pos' [-Wunused-variable]
  int zenith_pos;
      ^~~~~~~~~~
../src/MastcamSupport.c:131:6: warning: unused variable 'azimuth_pos' [-Wunused-variable]
  int azimuth_pos;
      ^~~~~~~~~~~
At top level:
../src/MastcamSupport.c:48:22: warning: 'tilt_read_pos_buf' defined but not used [-Wunused-variable]
 static unsigned char tilt_read_pos_buf[READ_POS_BUF_SIZE_TX] = {LX16A_HEADER, LX16A_HEADER, TILT_MOTOR_ID, 0x03, SERVO_POS_READ, 0xde};
                      ^~~~~~~~~~~~~~~~~
'Finished building: ../src/MastcamSupport.c'
' '
'Building target: mastcam_mvmt.elf'
'Invoking: ARM v7 gcc linker'
arm-none-eabi-gcc -mcpu=cortex-a9 -mfpu=vfpv3 -mfloat-abi=hard -Wl,-build-id=none -specs=Xilinx.spec -Wl,-T -Wl,../src/lscript.ld -L../../mastcam_mvmt_bsp/ps7_cortexa9_0/lib -o "mastcam_mvmt.elf"  ./src/MastcamControl.o ./src/MastcamSupport.o ./src/platform.o   -Wl,--start-group,-lxil,-lgcc,-lc,--end-group
'Finished building target: mastcam_mvmt.elf'
' '
'Invoking: ARM v7 Print Size'
arm-none-eabi-size mastcam_mvmt.elf  |tee "mastcam_mvmt.elf.size"
   text	   data	    bss	    dec	    hex	filename
  35328	   2860	  22600	  60788	   ed74	mastcam_mvmt.elf
'Finished building: mastcam_mvmt.elf.size'
' '
23:03:05 **** Auto Build of configuration Debug for project mastcam_mvmt ****
make pre-build main-build 
a9-linaro-pre-build-step
' '
'Building file: ../src/MastcamControl.c'
'Invoking: ARM v7 gcc compiler'
arm-none-eabi-gcc -Wall -O0 -g3 -c -fmessage-length=0 -MT"src/MastcamControl.o" -mcpu=cortex-a9 -mfpu=vfpv3 -mfloat-abi=hard -I../../mastcam_mvmt_bsp/ps7_cortexa9_0/include -MMD -MP -MF"src/MastcamControl.d" -MT"src/MastcamControl.o" -o "src/MastcamControl.o" "../src/MastcamControl.c"
../src/MastcamControl.c: In function 'main':
../src/MastcamControl.c:107:15: error: void value not ignored as it ought to be
     ProgState = Program(&SystemState,&Main_Hw, &Mast,CurState,StateNum);
               ^
../src/MastcamControl.c:86:9: warning: unused variable 'rec_cnt' [-Wunused-variable]
     int rec_cnt;
         ^~~~~~~
../src/MastcamControl.c:85:19: warning: unused variable 'rec_byte' [-Wunused-variable]
     unsigned char rec_byte;
                   ^~~~~~~~
../src/MastcamControl.c:76:17: warning: unused variable 'Tail' [-Wunused-variable]
  Mastcam_State *Tail;
                 ^~~~
../src/MastcamControl.c:75:16: warning: unused variable 'Head' [-Wunused-variable]
  Mastcam_State Head;
                ^~~~
make: *** [src/MastcamControl.o] Error 1
23:03:40 **** Auto Build of configuration Debug for project mastcam_mvmt ****
make pre-build main-build 
a9-linaro-pre-build-step
' '
'Building file: ../src/MastcamControl.c'
'Invoking: ARM v7 gcc compiler'
arm-none-eabi-gcc -Wall -O0 -g3 -c -fmessage-length=0 -MT"src/MastcamControl.o" -mcpu=cortex-a9 -mfpu=vfpv3 -mfloat-abi=hard -I../../mastcam_mvmt_bsp/ps7_cortexa9_0/include -MMD -MP -MF"src/MastcamControl.d" -MT"src/MastcamControl.o" -o "src/MastcamControl.o" "../src/MastcamControl.c"
../src/MastcamControl.c: In function 'main':
../src/MastcamControl.c:86:9: warning: unused variable 'rec_cnt' [-Wunused-variable]
     int rec_cnt;
         ^~~~~~~
../src/MastcamControl.c:85:19: warning: unused variable 'rec_byte' [-Wunused-variable]
     unsigned char rec_byte;
                   ^~~~~~~~
../src/MastcamControl.c:76:17: warning: unused variable 'Tail' [-Wunused-variable]
  Mastcam_State *Tail;
                 ^~~~
../src/MastcamControl.c:75:16: warning: unused variable 'Head' [-Wunused-variable]
  Mastcam_State Head;
                ^~~~
../src/MastcamControl.c:107:15: warning: 'CurState' may be used uninitialized in this function [-Wmaybe-uninitialized]
     ProgState = Program(&SystemState,&Main_Hw, &Mast,CurState,StateNum);
     ~~~~~~~~~~^~~~~~~~~~~~~~~~~~~~~~~~~~~~~~~~~~~~~~~~~~~~~~~~~~~~~~~~~
../src/MastcamControl.c:107:15: warning: 'StateNum' may be used uninitialized in this function [-Wmaybe-uninitialized]
'Finished building: ../src/MastcamControl.c'
' '
'Building file: ../src/MastcamSupport.c'
'Invoking: ARM v7 gcc compiler'
arm-none-eabi-gcc -Wall -O0 -g3 -c -fmessage-length=0 -MT"src/MastcamSupport.o" -mcpu=cortex-a9 -mfpu=vfpv3 -mfloat-abi=hard -I../../mastcam_mvmt_bsp/ps7_cortexa9_0/include -MMD -MP -MF"src/MastcamSupport.d" -MT"src/MastcamSupport.o" -o "src/MastcamSupport.o" "../src/MastcamSupport.c"
../src/MastcamSupport.c: In function 'mastcam_getpos':
../src/MastcamSupport.c:132:6: warning: unused variable 'zenith_pos' [-Wunused-variable]
  int zenith_pos;
      ^~~~~~~~~~
../src/MastcamSupport.c:131:6: warning: unused variable 'azimuth_pos' [-Wunused-variable]
  int azimuth_pos;
      ^~~~~~~~~~~
At top level:
../src/MastcamSupport.c:48:22: warning: 'tilt_read_pos_buf' defined but not used [-Wunused-variable]
 static unsigned char tilt_read_pos_buf[READ_POS_BUF_SIZE_TX] = {LX16A_HEADER, LX16A_HEADER, TILT_MOTOR_ID, 0x03, SERVO_POS_READ, 0xde};
                      ^~~~~~~~~~~~~~~~~
'Finished building: ../src/MastcamSupport.c'
' '
'Building target: mastcam_mvmt.elf'
'Invoking: ARM v7 gcc linker'
arm-none-eabi-gcc -mcpu=cortex-a9 -mfpu=vfpv3 -mfloat-abi=hard -Wl,-build-id=none -specs=Xilinx.spec -Wl,-T -Wl,../src/lscript.ld -L../../mastcam_mvmt_bsp/ps7_cortexa9_0/lib -o "mastcam_mvmt.elf"  ./src/MastcamControl.o ./src/MastcamSupport.o ./src/platform.o   -Wl,--start-group,-lxil,-lgcc,-lc,--end-group
./src/MastcamControl.o: In function `main':
C:\Users\thoma\EBER\GIT\EBER\simple-motor\simple-motor.sdk\mastcam_mvmt\Debug/../src/MastcamControl.c:107: undefined reference to `Program'
collect2.exe: error: ld returned 1 exit status
make: *** [mastcam_mvmt.elf] Error 1
23:04:43 **** Auto Build of configuration Debug for project mastcam_mvmt ****
make pre-build main-build 
a9-linaro-pre-build-step
' '
'Building file: ../src/MastcamControl.c'
'Invoking: ARM v7 gcc compiler'
arm-none-eabi-gcc -Wall -O0 -g3 -c -fmessage-length=0 -MT"src/MastcamControl.o" -mcpu=cortex-a9 -mfpu=vfpv3 -mfloat-abi=hard -I../../mastcam_mvmt_bsp/ps7_cortexa9_0/include -MMD -MP -MF"src/MastcamControl.d" -MT"src/MastcamControl.o" -o "src/MastcamControl.o" "../src/MastcamControl.c"
../src/MastcamControl.c: In function 'main':
../src/MastcamControl.c:86:9: warning: unused variable 'rec_cnt' [-Wunused-variable]
     int rec_cnt;
         ^~~~~~~
../src/MastcamControl.c:85:19: warning: unused variable 'rec_byte' [-Wunused-variable]
     unsigned char rec_byte;
                   ^~~~~~~~
../src/MastcamControl.c:76:17: warning: unused variable 'Tail' [-Wunused-variable]
  Mastcam_State *Tail;
                 ^~~~
../src/MastcamControl.c:75:16: warning: unused variable 'Head' [-Wunused-variable]
  Mastcam_State Head;
                ^~~~
../src/MastcamControl.c: In function 'Program':
../src/MastcamControl.c:187:1: warning: control reaches end of non-void function [-Wreturn-type]
 }
 ^
../src/MastcamControl.c: In function 'main':
../src/MastcamControl.c:107:15: warning: 'CurState' may be used uninitialized in this function [-Wmaybe-uninitialized]
     ProgState = Program(&SystemState,&Main_Hw, &Mast,CurState,StateNum);
     ~~~~~~~~~~^~~~~~~~~~~~~~~~~~~~~~~~~~~~~~~~~~~~~~~~~~~~~~~~~~~~~~~~~
../src/MastcamControl.c:107:15: warning: 'StateNum' may be used uninitialized in this function [-Wmaybe-uninitialized]
'Finished building: ../src/MastcamControl.c'
' '
'Building file: ../src/MastcamSupport.c'
'Invoking: ARM v7 gcc compiler'
arm-none-eabi-gcc -Wall -O0 -g3 -c -fmessage-length=0 -MT"src/MastcamSupport.o" -mcpu=cortex-a9 -mfpu=vfpv3 -mfloat-abi=hard -I../../mastcam_mvmt_bsp/ps7_cortexa9_0/include -MMD -MP -MF"src/MastcamSupport.d" -MT"src/MastcamSupport.o" -o "src/MastcamSupport.o" "../src/MastcamSupport.c"
../src/MastcamSupport.c: In function 'mastcam_getpos':
../src/MastcamSupport.c:132:6: warning: unused variable 'zenith_pos' [-Wunused-variable]
  int zenith_pos;
      ^~~~~~~~~~
../src/MastcamSupport.c:131:6: warning: unused variable 'azimuth_pos' [-Wunused-variable]
  int azimuth_pos;
      ^~~~~~~~~~~
At top level:
../src/MastcamSupport.c:48:22: warning: 'tilt_read_pos_buf' defined but not used [-Wunused-variable]
 static unsigned char tilt_read_pos_buf[READ_POS_BUF_SIZE_TX] = {LX16A_HEADER, LX16A_HEADER, TILT_MOTOR_ID, 0x03, SERVO_POS_READ, 0xde};
                      ^~~~~~~~~~~~~~~~~
'Finished building: ../src/MastcamSupport.c'
' '
'Building target: mastcam_mvmt.elf'
'Invoking: ARM v7 gcc linker'
arm-none-eabi-gcc -mcpu=cortex-a9 -mfpu=vfpv3 -mfloat-abi=hard -Wl,-build-id=none -specs=Xilinx.spec -Wl,-T -Wl,../src/lscript.ld -L../../mastcam_mvmt_bsp/ps7_cortexa9_0/lib -o "mastcam_mvmt.elf"  ./src/MastcamControl.o ./src/MastcamSupport.o ./src/platform.o   -Wl,--start-group,-lxil,-lgcc,-lc,--end-group
'Finished building target: mastcam_mvmt.elf'
' '
'Invoking: ARM v7 Print Size'
arm-none-eabi-size mastcam_mvmt.elf  |tee "mastcam_mvmt.elf.size"
   text	   data	    bss	    dec	    hex	filename
  34792	   2860	  22600	  60252	   eb5c	mastcam_mvmt.elf
'Finished building: mastcam_mvmt.elf.size'
' '
23:05:06 **** Auto Build of configuration Debug for project mastcam_mvmt ****
make pre-build main-build 
a9-linaro-pre-build-step
' '
'Building file: ../src/MastcamControl.c'
'Invoking: ARM v7 gcc compiler'
arm-none-eabi-gcc -Wall -O0 -g3 -c -fmessage-length=0 -MT"src/MastcamControl.o" -mcpu=cortex-a9 -mfpu=vfpv3 -mfloat-abi=hard -I../../mastcam_mvmt_bsp/ps7_cortexa9_0/include -MMD -MP -MF"src/MastcamControl.d" -MT"src/MastcamControl.o" -o "src/MastcamControl.o" "../src/MastcamControl.c"
../src/MastcamControl.c: In function 'main':
../src/MastcamControl.c:86:9: warning: unused variable 'rec_cnt' [-Wunused-variable]
     int rec_cnt;
         ^~~~~~~
../src/MastcamControl.c:85:19: warning: unused variable 'rec_byte' [-Wunused-variable]
     unsigned char rec_byte;
                   ^~~~~~~~
../src/MastcamControl.c:76:17: warning: unused variable 'Tail' [-Wunused-variable]
  Mastcam_State *Tail;
                 ^~~~
../src/MastcamControl.c:75:16: warning: unused variable 'Head' [-Wunused-variable]
  Mastcam_State Head;
                ^~~~
../src/MastcamControl.c: In function 'Program':
../src/MastcamControl.c:188:9: warning: 'prog_state' is used uninitialized in this function [-Wuninitialized]
  return prog_state;
         ^~~~~~~~~~
../src/MastcamControl.c: In function 'main':
../src/MastcamControl.c:107:15: warning: 'CurState' may be used uninitialized in this function [-Wmaybe-uninitialized]
     ProgState = Program(&SystemState,&Main_Hw, &Mast,CurState,StateNum);
     ~~~~~~~~~~^~~~~~~~~~~~~~~~~~~~~~~~~~~~~~~~~~~~~~~~~~~~~~~~~~~~~~~~~
../src/MastcamControl.c:107:15: warning: 'StateNum' may be used uninitialized in this function [-Wmaybe-uninitialized]
'Finished building: ../src/MastcamControl.c'
' '
'Building file: ../src/MastcamSupport.c'
'Invoking: ARM v7 gcc compiler'
arm-none-eabi-gcc -Wall -O0 -g3 -c -fmessage-length=0 -MT"src/MastcamSupport.o" -mcpu=cortex-a9 -mfpu=vfpv3 -mfloat-abi=hard -I../../mastcam_mvmt_bsp/ps7_cortexa9_0/include -MMD -MP -MF"src/MastcamSupport.d" -MT"src/MastcamSupport.o" -o "src/MastcamSupport.o" "../src/MastcamSupport.c"
../src/MastcamSupport.c: In function 'mastcam_getpos':
../src/MastcamSupport.c:132:6: warning: unused variable 'zenith_pos' [-Wunused-variable]
  int zenith_pos;
      ^~~~~~~~~~
../src/MastcamSupport.c:131:6: warning: unused variable 'azimuth_pos' [-Wunused-variable]
  int azimuth_pos;
      ^~~~~~~~~~~
At top level:
../src/MastcamSupport.c:48:22: warning: 'tilt_read_pos_buf' defined but not used [-Wunused-variable]
 static unsigned char tilt_read_pos_buf[READ_POS_BUF_SIZE_TX] = {LX16A_HEADER, LX16A_HEADER, TILT_MOTOR_ID, 0x03, SERVO_POS_READ, 0xde};
                      ^~~~~~~~~~~~~~~~~
'Finished building: ../src/MastcamSupport.c'
' '
'Building target: mastcam_mvmt.elf'
'Invoking: ARM v7 gcc linker'
arm-none-eabi-gcc -mcpu=cortex-a9 -mfpu=vfpv3 -mfloat-abi=hard -Wl,-build-id=none -specs=Xilinx.spec -Wl,-T -Wl,../src/lscript.ld -L../../mastcam_mvmt_bsp/ps7_cortexa9_0/lib -o "mastcam_mvmt.elf"  ./src/MastcamControl.o ./src/MastcamSupport.o ./src/platform.o   -Wl,--start-group,-lxil,-lgcc,-lc,--end-group
'Finished building target: mastcam_mvmt.elf'
' '
'Invoking: ARM v7 Print Size'
arm-none-eabi-size mastcam_mvmt.elf  |tee "mastcam_mvmt.elf.size"
   text	   data	    bss	    dec	    hex	filename
  34792	   2860	  22600	  60252	   eb5c	mastcam_mvmt.elf
'Finished building: mastcam_mvmt.elf.size'
' '
23:05:39 **** Auto Build of configuration Debug for project mastcam_mvmt ****
make pre-build main-build 
a9-linaro-pre-build-step
' '
'Building file: ../src/MastcamControl.c'
'Invoking: ARM v7 gcc compiler'
arm-none-eabi-gcc -Wall -O0 -g3 -c -fmessage-length=0 -MT"src/MastcamControl.o" -mcpu=cortex-a9 -mfpu=vfpv3 -mfloat-abi=hard -I../../mastcam_mvmt_bsp/ps7_cortexa9_0/include -MMD -MP -MF"src/MastcamControl.d" -MT"src/MastcamControl.o" -o "src/MastcamControl.o" "../src/MastcamControl.c"
../src/MastcamControl.c: In function 'main':
../src/MastcamControl.c:86:9: warning: unused variable 'rec_cnt' [-Wunused-variable]
     int rec_cnt;
         ^~~~~~~
../src/MastcamControl.c:85:19: warning: unused variable 'rec_byte' [-Wunused-variable]
     unsigned char rec_byte;
                   ^~~~~~~~
../src/MastcamControl.c:76:17: warning: unused variable 'Tail' [-Wunused-variable]
  Mastcam_State *Tail;
                 ^~~~
../src/MastcamControl.c:75:16: warning: unused variable 'Head' [-Wunused-variable]
  Mastcam_State Head;
                ^~~~
../src/MastcamControl.c: In function 'Program':
../src/MastcamControl.c:190:9: warning: 'prog_state' is used uninitialized in this function [-Wuninitialized]
  return prog_state;
         ^~~~~~~~~~
../src/MastcamControl.c: In function 'main':
../src/MastcamControl.c:109:15: warning: 'CurState' may be used uninitialized in this function [-Wmaybe-uninitialized]
     ProgState = Program(&SystemState,&Main_Hw, &Mast,CurState,StateNum);
     ~~~~~~~~~~^~~~~~~~~~~~~~~~~~~~~~~~~~~~~~~~~~~~~~~~~~~~~~~~~~~~~~~~~
'Finished building: ../src/MastcamControl.c'
' '
'Building file: ../src/MastcamSupport.c'
'Invoking: ARM v7 gcc compiler'
arm-none-eabi-gcc -Wall -O0 -g3 -c -fmessage-length=0 -MT"src/MastcamSupport.o" -mcpu=cortex-a9 -mfpu=vfpv3 -mfloat-abi=hard -I../../mastcam_mvmt_bsp/ps7_cortexa9_0/include -MMD -MP -MF"src/MastcamSupport.d" -MT"src/MastcamSupport.o" -o "src/MastcamSupport.o" "../src/MastcamSupport.c"
../src/MastcamSupport.c: In function 'mastcam_getpos':
../src/MastcamSupport.c:132:6: warning: unused variable 'zenith_pos' [-Wunused-variable]
  int zenith_pos;
      ^~~~~~~~~~
../src/MastcamSupport.c:131:6: warning: unused variable 'azimuth_pos' [-Wunused-variable]
  int azimuth_pos;
      ^~~~~~~~~~~
At top level:
../src/MastcamSupport.c:48:22: warning: 'tilt_read_pos_buf' defined but not used [-Wunused-variable]
 static unsigned char tilt_read_pos_buf[READ_POS_BUF_SIZE_TX] = {LX16A_HEADER, LX16A_HEADER, TILT_MOTOR_ID, 0x03, SERVO_POS_READ, 0xde};
                      ^~~~~~~~~~~~~~~~~
'Finished building: ../src/MastcamSupport.c'
' '
'Building target: mastcam_mvmt.elf'
'Invoking: ARM v7 gcc linker'
arm-none-eabi-gcc -mcpu=cortex-a9 -mfpu=vfpv3 -mfloat-abi=hard -Wl,-build-id=none -specs=Xilinx.spec -Wl,-T -Wl,../src/lscript.ld -L../../mastcam_mvmt_bsp/ps7_cortexa9_0/lib -o "mastcam_mvmt.elf"  ./src/MastcamControl.o ./src/MastcamSupport.o ./src/platform.o   -Wl,--start-group,-lxil,-lgcc,-lc,--end-group
'Finished building target: mastcam_mvmt.elf'
' '
'Invoking: ARM v7 Print Size'
arm-none-eabi-size mastcam_mvmt.elf  |tee "mastcam_mvmt.elf.size"
   text	   data	    bss	    dec	    hex	filename
  34792	   2860	  22600	  60252	   eb5c	mastcam_mvmt.elf
'Finished building: mastcam_mvmt.elf.size'
' '
23:05:58 **** Auto Build of configuration Debug for project mastcam_mvmt ****
make pre-build main-build 
a9-linaro-pre-build-step
' '
'Building file: ../src/MastcamControl.c'
'Invoking: ARM v7 gcc compiler'
arm-none-eabi-gcc -Wall -O0 -g3 -c -fmessage-length=0 -MT"src/MastcamControl.o" -mcpu=cortex-a9 -mfpu=vfpv3 -mfloat-abi=hard -I../../mastcam_mvmt_bsp/ps7_cortexa9_0/include -MMD -MP -MF"src/MastcamControl.d" -MT"src/MastcamControl.o" -o "src/MastcamControl.o" "../src/MastcamControl.c"
../src/MastcamControl.c: In function 'main':
../src/MastcamControl.c:86:9: warning: unused variable 'rec_cnt' [-Wunused-variable]
     int rec_cnt;
         ^~~~~~~
../src/MastcamControl.c:85:19: warning: unused variable 'rec_byte' [-Wunused-variable]
     unsigned char rec_byte;
                   ^~~~~~~~
../src/MastcamControl.c:76:17: warning: unused variable 'Tail' [-Wunused-variable]
  Mastcam_State *Tail;
                 ^~~~
../src/MastcamControl.c: In function 'Program':
../src/MastcamControl.c:191:9: warning: 'prog_state' is used uninitialized in this function [-Wuninitialized]
  return prog_state;
         ^~~~~~~~~~
'Finished building: ../src/MastcamControl.c'
' '
'Building file: ../src/MastcamSupport.c'
'Invoking: ARM v7 gcc compiler'
arm-none-eabi-gcc -Wall -O0 -g3 -c -fmessage-length=0 -MT"src/MastcamSupport.o" -mcpu=cortex-a9 -mfpu=vfpv3 -mfloat-abi=hard -I../../mastcam_mvmt_bsp/ps7_cortexa9_0/include -MMD -MP -MF"src/MastcamSupport.d" -MT"src/MastcamSupport.o" -o "src/MastcamSupport.o" "../src/MastcamSupport.c"
../src/MastcamSupport.c: In function 'mastcam_getpos':
../src/MastcamSupport.c:132:6: warning: unused variable 'zenith_pos' [-Wunused-variable]
  int zenith_pos;
      ^~~~~~~~~~
../src/MastcamSupport.c:131:6: warning: unused variable 'azimuth_pos' [-Wunused-variable]
  int azimuth_pos;
      ^~~~~~~~~~~
At top level:
../src/MastcamSupport.c:48:22: warning: 'tilt_read_pos_buf' defined but not used [-Wunused-variable]
 static unsigned char tilt_read_pos_buf[READ_POS_BUF_SIZE_TX] = {LX16A_HEADER, LX16A_HEADER, TILT_MOTOR_ID, 0x03, SERVO_POS_READ, 0xde};
                      ^~~~~~~~~~~~~~~~~
'Finished building: ../src/MastcamSupport.c'
' '
'Building target: mastcam_mvmt.elf'
'Invoking: ARM v7 gcc linker'
arm-none-eabi-gcc -mcpu=cortex-a9 -mfpu=vfpv3 -mfloat-abi=hard -Wl,-build-id=none -specs=Xilinx.spec -Wl,-T -Wl,../src/lscript.ld -L../../mastcam_mvmt_bsp/ps7_cortexa9_0/lib -o "mastcam_mvmt.elf"  ./src/MastcamControl.o ./src/MastcamSupport.o ./src/platform.o   -Wl,--start-group,-lxil,-lgcc,-lc,--end-group
'Finished building target: mastcam_mvmt.elf'
' '
'Invoking: ARM v7 Print Size'
arm-none-eabi-size mastcam_mvmt.elf  |tee "mastcam_mvmt.elf.size"
   text	   data	    bss	    dec	    hex	filename
  34792	   2860	  22600	  60252	   eb5c	mastcam_mvmt.elf
'Finished building: mastcam_mvmt.elf.size'
' '
23:06:18 **** Auto Build of configuration Debug for project mastcam_mvmt ****
make pre-build main-build 
a9-linaro-pre-build-step
' '
'Building file: ../src/MastcamControl.c'
'Invoking: ARM v7 gcc compiler'
arm-none-eabi-gcc -Wall -O0 -g3 -c -fmessage-length=0 -MT"src/MastcamControl.o" -mcpu=cortex-a9 -mfpu=vfpv3 -mfloat-abi=hard -I../../mastcam_mvmt_bsp/ps7_cortexa9_0/include -MMD -MP -MF"src/MastcamControl.d" -MT"src/MastcamControl.o" -o "src/MastcamControl.o" "../src/MastcamControl.c"
../src/MastcamControl.c: In function 'main':
../src/MastcamControl.c:86:9: warning: unused variable 'rec_cnt' [-Wunused-variable]
     int rec_cnt;
         ^~~~~~~
../src/MastcamControl.c:85:19: warning: unused variable 'rec_byte' [-Wunused-variable]
     unsigned char rec_byte;
                   ^~~~~~~~
../src/MastcamControl.c:76:17: warning: variable 'Tail' set but not used [-Wunused-but-set-variable]
  Mastcam_State *Tail;
                 ^~~~
../src/MastcamControl.c: In function 'Program':
../src/MastcamControl.c:192:9: warning: 'prog_state' is used uninitialized in this function [-Wuninitialized]
  return prog_state;
         ^~~~~~~~~~
'Finished building: ../src/MastcamControl.c'
' '
'Building file: ../src/MastcamSupport.c'
'Invoking: ARM v7 gcc compiler'
arm-none-eabi-gcc -Wall -O0 -g3 -c -fmessage-length=0 -MT"src/MastcamSupport.o" -mcpu=cortex-a9 -mfpu=vfpv3 -mfloat-abi=hard -I../../mastcam_mvmt_bsp/ps7_cortexa9_0/include -MMD -MP -MF"src/MastcamSupport.d" -MT"src/MastcamSupport.o" -o "src/MastcamSupport.o" "../src/MastcamSupport.c"
../src/MastcamSupport.c: In function 'mastcam_getpos':
../src/MastcamSupport.c:132:6: warning: unused variable 'zenith_pos' [-Wunused-variable]
  int zenith_pos;
      ^~~~~~~~~~
../src/MastcamSupport.c:131:6: warning: unused variable 'azimuth_pos' [-Wunused-variable]
  int azimuth_pos;
      ^~~~~~~~~~~
At top level:
../src/MastcamSupport.c:48:22: warning: 'tilt_read_pos_buf' defined but not used [-Wunused-variable]
 static unsigned char tilt_read_pos_buf[READ_POS_BUF_SIZE_TX] = {LX16A_HEADER, LX16A_HEADER, TILT_MOTOR_ID, 0x03, SERVO_POS_READ, 0xde};
                      ^~~~~~~~~~~~~~~~~
'Finished building: ../src/MastcamSupport.c'
' '
'Building target: mastcam_mvmt.elf'
'Invoking: ARM v7 gcc linker'
arm-none-eabi-gcc -mcpu=cortex-a9 -mfpu=vfpv3 -mfloat-abi=hard -Wl,-build-id=none -specs=Xilinx.spec -Wl,-T -Wl,../src/lscript.ld -L../../mastcam_mvmt_bsp/ps7_cortexa9_0/lib -o "mastcam_mvmt.elf"  ./src/MastcamControl.o ./src/MastcamSupport.o ./src/platform.o   -Wl,--start-group,-lxil,-lgcc,-lc,--end-group
'Finished building target: mastcam_mvmt.elf'
' '
'Invoking: ARM v7 Print Size'
arm-none-eabi-size mastcam_mvmt.elf  |tee "mastcam_mvmt.elf.size"
   text	   data	    bss	    dec	    hex	filename
  34792	   2860	  22600	  60252	   eb5c	mastcam_mvmt.elf
'Finished building: mastcam_mvmt.elf.size'
' '
