14:55:17 **** Clean-only build of configuration Debug for project mastcam_mvmt ****
make clean 
rm -rf  ./src/MastcamSupport.o ./src/helloworld.o ./src/platform.o  ./src/MastcamSupport.d ./src/helloworld.d ./src/platform.d  mastcam_mvmt.elf.size  mastcam_mvmt.elf
' '
14:55:17 **** Clean-only build of project mastcam_mvmt_bsp ****
make -k clean 
make -C ps7_cortexa9_0/libsrc/coresightps_dcc_v1_4/src -s clean 
make -C ps7_cortexa9_0/libsrc/cpu_cortexa9_v2_5/src -s clean 
make -C ps7_cortexa9_0/libsrc/ddrps_v1_0/src -s clean 
make -C ps7_cortexa9_0/libsrc/devcfg_v3_5/src -s clean 
make -C ps7_cortexa9_0/libsrc/dmaps_v2_3/src -s clean 
make -C ps7_cortexa9_0/libsrc/emacps_v3_6/src -s clean 
make -C ps7_cortexa9_0/libsrc/gpiops_v3_3/src -s clean 
make -C ps7_cortexa9_0/libsrc/qspips_v3_4/src -s clean 
make -C ps7_cortexa9_0/libsrc/scugic_v3_8/src -s clean 
make -C ps7_cortexa9_0/libsrc/scutimer_v2_1/src -s clean 
make -C ps7_cortexa9_0/libsrc/scuwdt_v2_1/src -s clean 
make -C ps7_cortexa9_0/libsrc/sdps_v3_3/src -s clean 
make -C ps7_cortexa9_0/libsrc/standalone_v6_5/src -s clean 
make -C ps7_cortexa9_0/libsrc/tmrctr_v4_4/src -s clean 
make -C ps7_cortexa9_0/libsrc/uartlite_v3_2/src -s clean 
make -C ps7_cortexa9_0/libsrc/uartps_v3_5/src -s clean 
make -C ps7_cortexa9_0/libsrc/usbps_v2_4/src -s clean 
make -C ps7_cortexa9_0/libsrc/xadcps_v2_2/src -s clean 
rm -f ps7_cortexa9_0/lib/libxil.a
14:55:19 **** Build of project mastcam_mvmt_bsp ****
make -k all 
"Running Make include in ps7_cortexa9_0/libsrc/coresightps_dcc_v1_4/src"
make -C ps7_cortexa9_0/libsrc/coresightps_dcc_v1_4/src -s include  "SHELL=CMD" "COMPILER=arm-none-eabi-gcc" "ARCHIVER=arm-none-eabi-ar" "COMPILER_FLAGS=  -O2 -c" "EXTRA_COMPILER_FLAGS=-mcpu=cortex-a9 -mfpu=vfpv3 -mfloat-abi=hard -nostartfiles -Wall -Wextra"
"Running Make include in ps7_cortexa9_0/libsrc/cpu_cortexa9_v2_5/src"
make -C ps7_cortexa9_0/libsrc/cpu_cortexa9_v2_5/src -s include  "SHELL=CMD" "COMPILER=arm-none-eabi-gcc" "ARCHIVER=arm-none-eabi-ar" "COMPILER_FLAGS=  -O2 -c" "EXTRA_COMPILER_FLAGS=-mcpu=cortex-a9 -mfpu=vfpv3 -mfloat-abi=hard -nostartfiles -Wall -Wextra"
"Running Make include in ps7_cortexa9_0/libsrc/ddrps_v1_0/src"
make -C ps7_cortexa9_0/libsrc/ddrps_v1_0/src -s include  "SHELL=CMD" "COMPILER=arm-none-eabi-gcc" "ARCHIVER=arm-none-eabi-ar" "COMPILER_FLAGS=  -O2 -c" "EXTRA_COMPILER_FLAGS=-mcpu=cortex-a9 -mfpu=vfpv3 -mfloat-abi=hard -nostartfiles -Wall -Wextra"
"Running Make include in ps7_cortexa9_0/libsrc/devcfg_v3_5/src"
make -C ps7_cortexa9_0/libsrc/devcfg_v3_5/src -s include  "SHELL=CMD" "COMPILER=arm-none-eabi-gcc" "ARCHIVER=arm-none-eabi-ar" "COMPILER_FLAGS=  -O2 -c" "EXTRA_COMPILER_FLAGS=-mcpu=cortex-a9 -mfpu=vfpv3 -mfloat-abi=hard -nostartfiles -Wall -Wextra"
"Running Make include in ps7_cortexa9_0/libsrc/dmaps_v2_3/src"
make -C ps7_cortexa9_0/libsrc/dmaps_v2_3/src -s include  "SHELL=CMD" "COMPILER=arm-none-eabi-gcc" "ARCHIVER=arm-none-eabi-ar" "COMPILER_FLAGS=  -O2 -c" "EXTRA_COMPILER_FLAGS=-mcpu=cortex-a9 -mfpu=vfpv3 -mfloat-abi=hard -nostartfiles -Wall -Wextra"
"Running Make include in ps7_cortexa9_0/libsrc/emacps_v3_6/src"
make -C ps7_cortexa9_0/libsrc/emacps_v3_6/src -s include  "SHELL=CMD" "COMPILER=arm-none-eabi-gcc" "ARCHIVER=arm-none-eabi-ar" "COMPILER_FLAGS=  -O2 -c" "EXTRA_COMPILER_FLAGS=-mcpu=cortex-a9 -mfpu=vfpv3 -mfloat-abi=hard -nostartfiles -Wall -Wextra"
"Running Make include in ps7_cortexa9_0/libsrc/gpiops_v3_3/src"
make -C ps7_cortexa9_0/libsrc/gpiops_v3_3/src -s include  "SHELL=CMD" "COMPILER=arm-none-eabi-gcc" "ARCHIVER=arm-none-eabi-ar" "COMPILER_FLAGS=  -O2 -c" "EXTRA_COMPILER_FLAGS=-mcpu=cortex-a9 -mfpu=vfpv3 -mfloat-abi=hard -nostartfiles -Wall -Wextra"
"Running Make include in ps7_cortexa9_0/libsrc/qspips_v3_4/src"
make -C ps7_cortexa9_0/libsrc/qspips_v3_4/src -s include  "SHELL=CMD" "COMPILER=arm-none-eabi-gcc" "ARCHIVER=arm-none-eabi-ar" "COMPILER_FLAGS=  -O2 -c" "EXTRA_COMPILER_FLAGS=-mcpu=cortex-a9 -mfpu=vfpv3 -mfloat-abi=hard -nostartfiles -Wall -Wextra"
"Running Make include in ps7_cortexa9_0/libsrc/scugic_v3_8/src"
make -C ps7_cortexa9_0/libsrc/scugic_v3_8/src -s include  "SHELL=CMD" "COMPILER=arm-none-eabi-gcc" "ARCHIVER=arm-none-eabi-ar" "COMPILER_FLAGS=  -O2 -c" "EXTRA_COMPILER_FLAGS=-mcpu=cortex-a9 -mfpu=vfpv3 -mfloat-abi=hard -nostartfiles -Wall -Wextra"
"Running Make include in ps7_cortexa9_0/libsrc/scutimer_v2_1/src"
make -C ps7_cortexa9_0/libsrc/scutimer_v2_1/src -s include  "SHELL=CMD" "COMPILER=arm-none-eabi-gcc" "ARCHIVER=arm-none-eabi-ar" "COMPILER_FLAGS=  -O2 -c" "EXTRA_COMPILER_FLAGS=-mcpu=cortex-a9 -mfpu=vfpv3 -mfloat-abi=hard -nostartfiles -Wall -Wextra"
"Running Make include in ps7_cortexa9_0/libsrc/scuwdt_v2_1/src"
make -C ps7_cortexa9_0/libsrc/scuwdt_v2_1/src -s include  "SHELL=CMD" "COMPILER=arm-none-eabi-gcc" "ARCHIVER=arm-none-eabi-ar" "COMPILER_FLAGS=  -O2 -c" "EXTRA_COMPILER_FLAGS=-mcpu=cortex-a9 -mfpu=vfpv3 -mfloat-abi=hard -nostartfiles -Wall -Wextra"
"Running Make include in ps7_cortexa9_0/libsrc/sdps_v3_3/src"
make -C ps7_cortexa9_0/libsrc/sdps_v3_3/src -s include  "SHELL=CMD" "COMPILER=arm-none-eabi-gcc" "ARCHIVER=arm-none-eabi-ar" "COMPILER_FLAGS=  -O2 -c" "EXTRA_COMPILER_FLAGS=-mcpu=cortex-a9 -mfpu=vfpv3 -mfloat-abi=hard -nostartfiles -Wall -Wextra"
"Running Make include in ps7_cortexa9_0/libsrc/standalone_v6_5/src"
make -C ps7_cortexa9_0/libsrc/standalone_v6_5/src -s include  "SHELL=CMD" "COMPILER=arm-none-eabi-gcc" "ARCHIVER=arm-none-eabi-ar" "COMPILER_FLAGS=  -O2 -c" "EXTRA_COMPILER_FLAGS=-mcpu=cortex-a9 -mfpu=vfpv3 -mfloat-abi=hard -nostartfiles -Wall -Wextra"
"Running Make include in ps7_cortexa9_0/libsrc/tmrctr_v4_4/src"
make -C ps7_cortexa9_0/libsrc/tmrctr_v4_4/src -s include  "SHELL=CMD" "COMPILER=arm-none-eabi-gcc" "ARCHIVER=arm-none-eabi-ar" "COMPILER_FLAGS=  -O2 -c" "EXTRA_COMPILER_FLAGS=-mcpu=cortex-a9 -mfpu=vfpv3 -mfloat-abi=hard -nostartfiles -Wall -Wextra"
"Running Make include in ps7_cortexa9_0/libsrc/uartlite_v3_2/src"
make -C ps7_cortexa9_0/libsrc/uartlite_v3_2/src -s include  "SHELL=CMD" "COMPILER=arm-none-eabi-gcc" "ARCHIVER=arm-none-eabi-ar" "COMPILER_FLAGS=  -O2 -c" "EXTRA_COMPILER_FLAGS=-mcpu=cortex-a9 -mfpu=vfpv3 -mfloat-abi=hard -nostartfiles -Wall -Wextra"
"Running Make include in ps7_cortexa9_0/libsrc/uartps_v3_5/src"
make -C ps7_cortexa9_0/libsrc/uartps_v3_5/src -s include  "SHELL=CMD" "COMPILER=arm-none-eabi-gcc" "ARCHIVER=arm-none-eabi-ar" "COMPILER_FLAGS=  -O2 -c" "EXTRA_COMPILER_FLAGS=-mcpu=cortex-a9 -mfpu=vfpv3 -mfloat-abi=hard -nostartfiles -Wall -Wextra"
"Running Make include in ps7_cortexa9_0/libsrc/usbps_v2_4/src"
make -C ps7_cortexa9_0/libsrc/usbps_v2_4/src -s include  "SHELL=CMD" "COMPILER=arm-none-eabi-gcc" "ARCHIVER=arm-none-eabi-ar" "COMPILER_FLAGS=  -O2 -c" "EXTRA_COMPILER_FLAGS=-mcpu=cortex-a9 -mfpu=vfpv3 -mfloat-abi=hard -nostartfiles -Wall -Wextra"
"Running Make include in ps7_cortexa9_0/libsrc/xadcps_v2_2/src"
make -C ps7_cortexa9_0/libsrc/xadcps_v2_2/src -s include  "SHELL=CMD" "COMPILER=arm-none-eabi-gcc" "ARCHIVER=arm-none-eabi-ar" "COMPILER_FLAGS=  -O2 -c" "EXTRA_COMPILER_FLAGS=-mcpu=cortex-a9 -mfpu=vfpv3 -mfloat-abi=hard -nostartfiles -Wall -Wextra"
"Running Make libs in ps7_cortexa9_0/libsrc/coresightps_dcc_v1_4/src"
make -C ps7_cortexa9_0/libsrc/coresightps_dcc_v1_4/src -s libs  "SHELL=CMD" "COMPILER=arm-none-eabi-gcc" "ARCHIVER=arm-none-eabi-ar" "COMPILER_FLAGS=  -O2 -c" "EXTRA_COMPILER_FLAGS=-mcpu=cortex-a9 -mfpu=vfpv3 -mfloat-abi=hard -nostartfiles -Wall -Wextra"
"Compiling coresightps_dcc"
arm-none-eabi-ar: creating ../../../lib/libxil.a
"Running Make libs in ps7_cortexa9_0/libsrc/cpu_cortexa9_v2_5/src"
make -C ps7_cortexa9_0/libsrc/cpu_cortexa9_v2_5/src -s libs  "SHELL=CMD" "COMPILER=arm-none-eabi-gcc" "ARCHIVER=arm-none-eabi-ar" "COMPILER_FLAGS=  -O2 -c" "EXTRA_COMPILER_FLAGS=-mcpu=cortex-a9 -mfpu=vfpv3 -mfloat-abi=hard -nostartfiles -Wall -Wextra"
"Compiling cpu_cortexa9"
"Running Make libs in ps7_cortexa9_0/libsrc/ddrps_v1_0/src"
make -C ps7_cortexa9_0/libsrc/ddrps_v1_0/src -s libs  "SHELL=CMD" "COMPILER=arm-none-eabi-gcc" "ARCHIVER=arm-none-eabi-ar" "COMPILER_FLAGS=  -O2 -c" "EXTRA_COMPILER_FLAGS=-mcpu=cortex-a9 -mfpu=vfpv3 -mfloat-abi=hard -nostartfiles -Wall -Wextra"
"Compiling ddrps"
"Running Make libs in ps7_cortexa9_0/libsrc/devcfg_v3_5/src"
make -C ps7_cortexa9_0/libsrc/devcfg_v3_5/src -s libs  "SHELL=CMD" "COMPILER=arm-none-eabi-gcc" "ARCHIVER=arm-none-eabi-ar" "COMPILER_FLAGS=  -O2 -c" "EXTRA_COMPILER_FLAGS=-mcpu=cortex-a9 -mfpu=vfpv3 -mfloat-abi=hard -nostartfiles -Wall -Wextra"
"Compiling devcfg"
"Running Make libs in ps7_cortexa9_0/libsrc/dmaps_v2_3/src"
make -C ps7_cortexa9_0/libsrc/dmaps_v2_3/src -s libs  "SHELL=CMD" "COMPILER=arm-none-eabi-gcc" "ARCHIVER=arm-none-eabi-ar" "COMPILER_FLAGS=  -O2 -c" "EXTRA_COMPILER_FLAGS=-mcpu=cortex-a9 -mfpu=vfpv3 -mfloat-abi=hard -nostartfiles -Wall -Wextra"
"Compiling dmaps"
"Running Make libs in ps7_cortexa9_0/libsrc/emacps_v3_6/src"
make -C ps7_cortexa9_0/libsrc/emacps_v3_6/src -s libs  "SHELL=CMD" "COMPILER=arm-none-eabi-gcc" "ARCHIVER=arm-none-eabi-ar" "COMPILER_FLAGS=  -O2 -c" "EXTRA_COMPILER_FLAGS=-mcpu=cortex-a9 -mfpu=vfpv3 -mfloat-abi=hard -nostartfiles -Wall -Wextra"
"Compiling emacps"
"Running Make libs in ps7_cortexa9_0/libsrc/gpiops_v3_3/src"
make -C ps7_cortexa9_0/libsrc/gpiops_v3_3/src -s libs  "SHELL=CMD" "COMPILER=arm-none-eabi-gcc" "ARCHIVER=arm-none-eabi-ar" "COMPILER_FLAGS=  -O2 -c" "EXTRA_COMPILER_FLAGS=-mcpu=cortex-a9 -mfpu=vfpv3 -mfloat-abi=hard -nostartfiles -Wall -Wextra"
"Compiling gpiops"
"Running Make libs in ps7_cortexa9_0/libsrc/qspips_v3_4/src"
make -C ps7_cortexa9_0/libsrc/qspips_v3_4/src -s libs  "SHELL=CMD" "COMPILER=arm-none-eabi-gcc" "ARCHIVER=arm-none-eabi-ar" "COMPILER_FLAGS=  -O2 -c" "EXTRA_COMPILER_FLAGS=-mcpu=cortex-a9 -mfpu=vfpv3 -mfloat-abi=hard -nostartfiles -Wall -Wextra"
"Compiling qspips"
"Running Make libs in ps7_cortexa9_0/libsrc/scugic_v3_8/src"
make -C ps7_cortexa9_0/libsrc/scugic_v3_8/src -s libs  "SHELL=CMD" "COMPILER=arm-none-eabi-gcc" "ARCHIVER=arm-none-eabi-ar" "COMPILER_FLAGS=  -O2 -c" "EXTRA_COMPILER_FLAGS=-mcpu=cortex-a9 -mfpu=vfpv3 -mfloat-abi=hard -nostartfiles -Wall -Wextra"
"Compiling scugic"
"Running Make libs in ps7_cortexa9_0/libsrc/scutimer_v2_1/src"
make -C ps7_cortexa9_0/libsrc/scutimer_v2_1/src -s libs  "SHELL=CMD" "COMPILER=arm-none-eabi-gcc" "ARCHIVER=arm-none-eabi-ar" "COMPILER_FLAGS=  -O2 -c" "EXTRA_COMPILER_FLAGS=-mcpu=cortex-a9 -mfpu=vfpv3 -mfloat-abi=hard -nostartfiles -Wall -Wextra"
"Compiling scutimer"
"Running Make libs in ps7_cortexa9_0/libsrc/scuwdt_v2_1/src"
make -C ps7_cortexa9_0/libsrc/scuwdt_v2_1/src -s libs  "SHELL=CMD" "COMPILER=arm-none-eabi-gcc" "ARCHIVER=arm-none-eabi-ar" "COMPILER_FLAGS=  -O2 -c" "EXTRA_COMPILER_FLAGS=-mcpu=cortex-a9 -mfpu=vfpv3 -mfloat-abi=hard -nostartfiles -Wall -Wextra"
"Compiling scuwdt"
"Running Make libs in ps7_cortexa9_0/libsrc/sdps_v3_3/src"
make -C ps7_cortexa9_0/libsrc/sdps_v3_3/src -s libs  "SHELL=CMD" "COMPILER=arm-none-eabi-gcc" "ARCHIVER=arm-none-eabi-ar" "COMPILER_FLAGS=  -O2 -c" "EXTRA_COMPILER_FLAGS=-mcpu=cortex-a9 -mfpu=vfpv3 -mfloat-abi=hard -nostartfiles -Wall -Wextra"
"Compiling sdps"
"Running Make libs in ps7_cortexa9_0/libsrc/standalone_v6_5/src"
make -C ps7_cortexa9_0/libsrc/standalone_v6_5/src -s libs  "SHELL=CMD" "COMPILER=arm-none-eabi-gcc" "ARCHIVER=arm-none-eabi-ar" "COMPILER_FLAGS=  -O2 -c" "EXTRA_COMPILER_FLAGS=-mcpu=cortex-a9 -mfpu=vfpv3 -mfloat-abi=hard -nostartfiles -Wall -Wextra"
"Compiling standalone"
"Running Make libs in ps7_cortexa9_0/libsrc/tmrctr_v4_4/src"
make -C ps7_cortexa9_0/libsrc/tmrctr_v4_4/src -s libs  "SHELL=CMD" "COMPILER=arm-none-eabi-gcc" "ARCHIVER=arm-none-eabi-ar" "COMPILER_FLAGS=  -O2 -c" "EXTRA_COMPILER_FLAGS=-mcpu=cortex-a9 -mfpu=vfpv3 -mfloat-abi=hard -nostartfiles -Wall -Wextra"
"Compiling tmrctr"
"Running Make libs in ps7_cortexa9_0/libsrc/uartlite_v3_2/src"
make -C ps7_cortexa9_0/libsrc/uartlite_v3_2/src -s libs  "SHELL=CMD" "COMPILER=arm-none-eabi-gcc" "ARCHIVER=arm-none-eabi-ar" "COMPILER_FLAGS=  -O2 -c" "EXTRA_COMPILER_FLAGS=-mcpu=cortex-a9 -mfpu=vfpv3 -mfloat-abi=hard -nostartfiles -Wall -Wextra"
"Compiling uartlite"
"Running Make libs in ps7_cortexa9_0/libsrc/uartps_v3_5/src"
make -C ps7_cortexa9_0/libsrc/uartps_v3_5/src -s libs  "SHELL=CMD" "COMPILER=arm-none-eabi-gcc" "ARCHIVER=arm-none-eabi-ar" "COMPILER_FLAGS=  -O2 -c" "EXTRA_COMPILER_FLAGS=-mcpu=cortex-a9 -mfpu=vfpv3 -mfloat-abi=hard -nostartfiles -Wall -Wextra"
"Compiling uartps"
"Running Make libs in ps7_cortexa9_0/libsrc/usbps_v2_4/src"
make -C ps7_cortexa9_0/libsrc/usbps_v2_4/src -s libs  "SHELL=CMD" "COMPILER=arm-none-eabi-gcc" "ARCHIVER=arm-none-eabi-ar" "COMPILER_FLAGS=  -O2 -c" "EXTRA_COMPILER_FLAGS=-mcpu=cortex-a9 -mfpu=vfpv3 -mfloat-abi=hard -nostartfiles -Wall -Wextra"
"Compiling usbps"
"Running Make libs in ps7_cortexa9_0/libsrc/xadcps_v2_2/src"
make -C ps7_cortexa9_0/libsrc/xadcps_v2_2/src -s libs  "SHELL=CMD" "COMPILER=arm-none-eabi-gcc" "ARCHIVER=arm-none-eabi-ar" "COMPILER_FLAGS=  -O2 -c" "EXTRA_COMPILER_FLAGS=-mcpu=cortex-a9 -mfpu=vfpv3 -mfloat-abi=hard -nostartfiles -Wall -Wextra"
"Compiling xadcps"
'Finished building libraries'
14:55:44 **** Build of configuration Debug for project mastcam_mvmt ****
make pre-build main-build 
a9-linaro-pre-build-step
' '
'Building file: ../src/MastcamSupport.c'
'Invoking: ARM v7 gcc compiler'
arm-none-eabi-gcc -Wall -O0 -g3 -c -fmessage-length=0 -MT"src/MastcamSupport.o" -mcpu=cortex-a9 -mfpu=vfpv3 -mfloat-abi=hard -I../../mastcam_mvmt_bsp/ps7_cortexa9_0/include -MMD -MP -MF"src/MastcamSupport.d" -MT"src/MastcamSupport.o" -o "src/MastcamSupport.o" "../src/MastcamSupport.c"
'Finished building: ../src/MastcamSupport.c'
' '
'Building file: ../src/helloworld.c'
'Invoking: ARM v7 gcc compiler'
arm-none-eabi-gcc -Wall -O0 -g3 -c -fmessage-length=0 -MT"src/helloworld.o" -mcpu=cortex-a9 -mfpu=vfpv3 -mfloat-abi=hard -I../../mastcam_mvmt_bsp/ps7_cortexa9_0/include -MMD -MP -MF"src/helloworld.d" -MT"src/helloworld.o" -o "src/helloworld.o" "../src/helloworld.c"
../src/helloworld.c: In function 'main':
../src/helloworld.c:141:31: error: 'main_hw' undeclared (first use in this function)
      rec_cnt = XUartPs_Recv(&(main_hw.ps_uart), rec_byte, 16);
                               ^~~~~~~
../src/helloworld.c:141:31: note: each undeclared identifier is reported only once for each function it appears in
make: *** [src/helloworld.o] Error 1
14:55:44 **** Auto Build of configuration Debug for project mastcam_mvmt_bsp_xuartlite_intr_example_1 ****
make pre-build main-build 
a9-linaro-pre-build-step
' '
'Building file: ../src/xuartlite_intr_example.c'
'Invoking: ARM v7 gcc compiler'
arm-none-eabi-gcc -Wall -O0 -g3 -c -fmessage-length=0 -MT"src/xuartlite_intr_example.o" -mcpu=cortex-a9 -mfpu=vfpv3 -mfloat-abi=hard -I../../mastcam_mvmt_bsp/ps7_cortexa9_0/include -MMD -MP -MF"src/xuartlite_intr_example.d" -MT"src/xuartlite_intr_example.o" -o "src/xuartlite_intr_example.o" "../src/xuartlite_intr_example.c"
../src/xuartlite_intr_example.c:65:19: fatal error: xintc.h: No such file or directory
 #include "xintc.h"
                   ^
compilation terminated.
make: *** [src/xuartlite_intr_example.o] Error 1
14:55:55 **** Auto Build of configuration Debug for project mastcam_mvmt ****
make pre-build main-build 
a9-linaro-pre-build-step
' '
'Building file: ../src/helloworld.c'
'Invoking: ARM v7 gcc compiler'
arm-none-eabi-gcc -Wall -O0 -g3 -c -fmessage-length=0 -MT"src/helloworld.o" -mcpu=cortex-a9 -mfpu=vfpv3 -mfloat-abi=hard -I../../mastcam_mvmt_bsp/ps7_cortexa9_0/include -MMD -MP -MF"src/helloworld.d" -MT"src/helloworld.o" -o "src/helloworld.o" "../src/helloworld.c"
../src/helloworld.c: In function 'main':
../src/helloworld.c:141:16: warning: 'rec_byte' may be used uninitialized in this function [-Wmaybe-uninitialized]
      rec_cnt = XUartPs_Recv(&(Main_Hw.ps_uart), rec_byte, 16);
                ^~~~~~~~~~~~~~~~~~~~~~~~~~~~~~~~~~~~~~~~~~~~~~
'Finished building: ../src/helloworld.c'
' '
'Building file: ../src/platform.c'
'Invoking: ARM v7 gcc compiler'
arm-none-eabi-gcc -Wall -O0 -g3 -c -fmessage-length=0 -MT"src/platform.o" -mcpu=cortex-a9 -mfpu=vfpv3 -mfloat-abi=hard -I../../mastcam_mvmt_bsp/ps7_cortexa9_0/include -MMD -MP -MF"src/platform.d" -MT"src/platform.o" -o "src/platform.o" "../src/platform.c"
'Finished building: ../src/platform.c'
' '
'Building target: mastcam_mvmt.elf'
'Invoking: ARM v7 gcc linker'
arm-none-eabi-gcc -mcpu=cortex-a9 -mfpu=vfpv3 -mfloat-abi=hard -Wl,-build-id=none -specs=Xilinx.spec -Wl,-T -Wl,../src/lscript.ld -L../../mastcam_mvmt_bsp/ps7_cortexa9_0/lib -o "mastcam_mvmt.elf"  ./src/MastcamSupport.o ./src/helloworld.o ./src/platform.o   -Wl,--start-group,-lxil,-lgcc,-lc,--end-group
'Finished building target: mastcam_mvmt.elf'
' '
'Invoking: ARM v7 Print Size'
arm-none-eabi-size mastcam_mvmt.elf  |tee "mastcam_mvmt.elf.size"
   text	   data	    bss	    dec	    hex	filename
  35072	   2844	  22648	  60564	   ec94	mastcam_mvmt.elf
'Finished building: mastcam_mvmt.elf.size'
' '
14:56:02 **** Incremental Build of configuration Debug for project mastcam_mvmt ****
make pre-build main-build 
a9-linaro-pre-build-step
' '
make: Nothing to be done for `main-build'.
14:56:22 **** Incremental Build of configuration Debug for project mastcam_mvmt ****
make pre-build main-build 
a9-linaro-pre-build-step
' '
make: Nothing to be done for `main-build'.
14:58:30 **** Auto Build of configuration Debug for project mastcam_mvmt ****
make pre-build main-build 
a9-linaro-pre-build-step
' '
'Building file: ../src/helloworld.c'
'Invoking: ARM v7 gcc compiler'
arm-none-eabi-gcc -Wall -O0 -g3 -c -fmessage-length=0 -MT"src/helloworld.o" -mcpu=cortex-a9 -mfpu=vfpv3 -mfloat-abi=hard -I../../mastcam_mvmt_bsp/ps7_cortexa9_0/include -MMD -MP -MF"src/helloworld.d" -MT"src/helloworld.o" -o "src/helloworld.o" "../src/helloworld.c"
../src/helloworld.c: In function 'main':
../src/helloworld.c:102:16: warning: 'rec_byte' may be used uninitialized in this function [-Wmaybe-uninitialized]
      rec_cnt = XUartPs_Recv(&(Main_Hw.ps_uart), rec_byte, 16);
                ^~~~~~~~~~~~~~~~~~~~~~~~~~~~~~~~~~~~~~~~~~~~~~
'Finished building: ../src/helloworld.c'
' '
'Building target: mastcam_mvmt.elf'
'Invoking: ARM v7 gcc linker'
arm-none-eabi-gcc -mcpu=cortex-a9 -mfpu=vfpv3 -mfloat-abi=hard -Wl,-build-id=none -specs=Xilinx.spec -Wl,-T -Wl,../src/lscript.ld -L../../mastcam_mvmt_bsp/ps7_cortexa9_0/lib -o "mastcam_mvmt.elf"  ./src/MastcamSupport.o ./src/helloworld.o ./src/platform.o   -Wl,--start-group,-lxil,-lgcc,-lc,--end-group
'Finished building target: mastcam_mvmt.elf'
' '
'Invoking: ARM v7 Print Size'
arm-none-eabi-size mastcam_mvmt.elf  |tee "mastcam_mvmt.elf.size"
   text	   data	    bss	    dec	    hex	filename
  35072	   2844	  22648	  60564	   ec94	mastcam_mvmt.elf
'Finished building: mastcam_mvmt.elf.size'
' '
14:58:48 **** Clean-only build of configuration Debug for project mastcam_mvmt ****
make clean 
rm -rf  ./src/MastcamSupport.o ./src/helloworld.o ./src/platform.o  ./src/MastcamSupport.d ./src/helloworld.d ./src/platform.d  mastcam_mvmt.elf.size  mastcam_mvmt.elf
' '
14:58:48 **** Auto Build of configuration Debug for project mastcam_mvmt ****
make pre-build main-build 
a9-linaro-pre-build-step
' '
'Building file: ../src/MastcamControl.c'
'Invoking: ARM v7 gcc compiler'
arm-none-eabi-gcc -Wall -O0 -g3 -c -fmessage-length=0 -MT"src/MastcamControl.o" -mcpu=cortex-a9 -mfpu=vfpv3 -mfloat-abi=hard -I../../mastcam_mvmt_bsp/ps7_cortexa9_0/include -MMD -MP -MF"src/MastcamControl.d" -MT"src/MastcamControl.o" -o "src/MastcamControl.o" "../src/MastcamControl.c"
../src/MastcamControl.c: In function 'main':
../src/MastcamControl.c:102:16: warning: 'rec_byte' may be used uninitialized in this function [-Wmaybe-uninitialized]
      rec_cnt = XUartPs_Recv(&(Main_Hw.ps_uart), rec_byte, 16);
                ^~~~~~~~~~~~~~~~~~~~~~~~~~~~~~~~~~~~~~~~~~~~~~
'Finished building: ../src/MastcamControl.c'
' '
'Building file: ../src/MastcamSupport.c'
'Invoking: ARM v7 gcc compiler'
arm-none-eabi-gcc -Wall -O0 -g3 -c -fmessage-length=0 -MT"src/MastcamSupport.o" -mcpu=cortex-a9 -mfpu=vfpv3 -mfloat-abi=hard -I../../mastcam_mvmt_bsp/ps7_cortexa9_0/include -MMD -MP -MF"src/MastcamSupport.d" -MT"src/MastcamSupport.o" -o "src/MastcamSupport.o" "../src/MastcamSupport.c"
'Finished building: ../src/MastcamSupport.c'
' '
'Building file: ../src/platform.c'
'Invoking: ARM v7 gcc compiler'
arm-none-eabi-gcc -Wall -O0 -g3 -c -fmessage-length=0 -MT"src/platform.o" -mcpu=cortex-a9 -mfpu=vfpv3 -mfloat-abi=hard -I../../mastcam_mvmt_bsp/ps7_cortexa9_0/include -MMD -MP -MF"src/platform.d" -MT"src/platform.o" -o "src/platform.o" "../src/platform.c"
'Finished building: ../src/platform.c'
' '
'Building target: mastcam_mvmt.elf'
'Invoking: ARM v7 gcc linker'
arm-none-eabi-gcc -mcpu=cortex-a9 -mfpu=vfpv3 -mfloat-abi=hard -Wl,-build-id=none -specs=Xilinx.spec -Wl,-T -Wl,../src/lscript.ld -L../../mastcam_mvmt_bsp/ps7_cortexa9_0/lib -o "mastcam_mvmt.elf"  ./src/MastcamControl.o ./src/MastcamSupport.o ./src/platform.o   -Wl,--start-group,-lxil,-lgcc,-lc,--end-group
'Finished building target: mastcam_mvmt.elf'
' '
'Invoking: ARM v7 Print Size'
arm-none-eabi-size mastcam_mvmt.elf  |tee "mastcam_mvmt.elf.size"
   text	   data	    bss	    dec	    hex	filename
  35072	   2844	  22648	  60564	   ec94	mastcam_mvmt.elf
'Finished building: mastcam_mvmt.elf.size'
' '
14:59:01 **** Incremental Build of configuration Debug for project mastcam_mvmt ****
make pre-build main-build 
a9-linaro-pre-build-step
' '
make: Nothing to be done for `main-build'.
15:00:54 **** Incremental Build of configuration Debug for project mastcam_mvmt ****
make pre-build main-build 
a9-linaro-pre-build-step
' '
'Building file: ../src/MastcamControl.c'
'Invoking: ARM v7 gcc compiler'
arm-none-eabi-gcc -Wall -O0 -g3 -c -fmessage-length=0 -MT"src/MastcamControl.o" -mcpu=cortex-a9 -mfpu=vfpv3 -mfloat-abi=hard -I../../mastcam_mvmt_bsp/ps7_cortexa9_0/include -MMD -MP -MF"src/MastcamControl.d" -MT"src/MastcamControl.o" -o "src/MastcamControl.o" "../src/MastcamControl.c"
../src/MastcamControl.c:42:16: error: unknown type name 'INTC'
 int TmrCtrInit(INTC* IntcInstancePtr,
                ^~~~
../src/MastcamControl.c:48:27: error: unknown type name 'INTC'
 int TmrCtrSetupIntrSystem(INTC* IntcInstancePtr,
                           ^~~~
../src/MastcamControl.c:56:24: error: unknown type name 'INTC'
 void TmrCtrDisableIntr(INTC* IntcInstancePtr, u16 IntrId);
                        ^~~~
../src/MastcamControl.c:61:1: error: unknown type name 'INTC'
 INTC InterruptController;
 ^~~~
../src/MastcamControl.c: In function 'MainHwInit':
../src/MastcamControl.c:175:11: warning: implicit declaration of function 'TmrCtrSetupIntrSystem' [-Wimplicit-function-declaration]
  status = TmrCtrSetupIntrSystem(&(main_hw->int_cntrl), &(main_hw->tmr_ctr), TMRCTR_DEVICE_ID,
           ^~~~~~~~~~~~~~~~~~~~~
../src/MastcamControl.c: At top level:
../src/MastcamControl.c:192:16: error: unknown type name 'INTC'
 int TmrCtrInit(INTC* IntcInstancePtr,
                ^~~~
../src/MastcamControl.c:268:27: error: unknown type name 'INTC'
 int TmrCtrSetupIntrSystem(INTC* IntcInstancePtr,
                           ^~~~
make: *** [src/MastcamControl.o] Error 1
15:02:10 **** Auto Build of configuration Debug for project mastcam_mvmt ****
make pre-build main-build 
a9-linaro-pre-build-step
' '
'Building file: ../src/MastcamControl.c'
'Invoking: ARM v7 gcc compiler'
arm-none-eabi-gcc -Wall -O0 -g3 -c -fmessage-length=0 -MT"src/MastcamControl.o" -mcpu=cortex-a9 -mfpu=vfpv3 -mfloat-abi=hard -I../../mastcam_mvmt_bsp/ps7_cortexa9_0/include -MMD -MP -MF"src/MastcamControl.d" -MT"src/MastcamControl.o" -o "src/MastcamControl.o" "../src/MastcamControl.c"
../src/MastcamControl.c:183:16: error: unknown type name 'INTC'
 int TmrCtrInit(INTC* IntcInstancePtr,
                ^~~~
../src/MastcamControl.c: In function 'TmrCtrSetupIntrSystem':
../src/MastcamControl.c:289:6: error: 'INTC_HANDLER' undeclared (first use in this function)
      INTC_HANDLER,
      ^~~~~~~~~~~~
../src/MastcamControl.c:289:6: note: each undeclared identifier is reported only once for each function it appears in
make: *** [src/MastcamControl.o] Error 1
15:03:08 **** Build of configuration Debug for project mastcam_mvmt_bsp_xtmrctr_intr_example_1 ****
make pre-build main-build 
a9-linaro-pre-build-step
' '
'Building file: ../src/xtmrctr_intr_example.c'
'Invoking: ARM v7 gcc compiler'
arm-none-eabi-gcc -Wall -O0 -g3 -c -fmessage-length=0 -MT"src/xtmrctr_intr_example.o" -mcpu=cortex-a9 -mfpu=vfpv3 -mfloat-abi=hard -I../../mastcam_mvmt_bsp/ps7_cortexa9_0/include -MMD -MP -MF"src/xtmrctr_intr_example.d" -MT"src/xtmrctr_intr_example.o" -o "src/xtmrctr_intr_example.o" "../src/xtmrctr_intr_example.c"
../src/xtmrctr_intr_example.c: In function 'main':
../src/xtmrctr_intr_example.c:88:29: error: 'XPAR_INTC_0_TMRCTR_0_VEC_ID' undeclared (first use in this function)
 #define TMRCTR_INTERRUPT_ID XPAR_INTC_0_TMRCTR_0_VEC_ID
                             ^
../src/xtmrctr_intr_example.c:185:7: note: in expansion of macro 'TMRCTR_INTERRUPT_ID'
       TMRCTR_INTERRUPT_ID,
       ^~~~~~~~~~~~~~~~~~~
../src/xtmrctr_intr_example.c:88:29: note: each undeclared identifier is reported only once for each function it appears in
 #define TMRCTR_INTERRUPT_ID XPAR_INTC_0_TMRCTR_0_VEC_ID
                             ^
../src/xtmrctr_intr_example.c:185:7: note: in expansion of macro 'TMRCTR_INTERRUPT_ID'
       TMRCTR_INTERRUPT_ID,
       ^~~~~~~~~~~~~~~~~~~
make: *** [src/xtmrctr_intr_example.o] Error 1
15:03:43 **** Auto Build of configuration Debug for project mastcam_mvmt ****
make pre-build main-build 
a9-linaro-pre-build-step
' '
'Building file: ../src/MastcamControl.c'
'Invoking: ARM v7 gcc compiler'
arm-none-eabi-gcc -Wall -O0 -g3 -c -fmessage-length=0 -MT"src/MastcamControl.o" -mcpu=cortex-a9 -mfpu=vfpv3 -mfloat-abi=hard -I../../mastcam_mvmt_bsp/ps7_cortexa9_0/include -MMD -MP -MF"src/MastcamControl.d" -MT"src/MastcamControl.o" -o "src/MastcamControl.o" "../src/MastcamControl.c"
../src/MastcamControl.c: In function 'main':
../src/MastcamControl.c:90:16: warning: 'rec_byte' may be used uninitialized in this function [-Wmaybe-uninitialized]
      rec_cnt = XUartPs_Recv(&(Main_Hw.ps_uart), rec_byte, 16);
                ^~~~~~~~~~~~~~~~~~~~~~~~~~~~~~~~~~~~~~~~~~~~~~
'Finished building: ../src/MastcamControl.c'
' '
'Building target: mastcam_mvmt.elf'
'Invoking: ARM v7 gcc linker'
arm-none-eabi-gcc -mcpu=cortex-a9 -mfpu=vfpv3 -mfloat-abi=hard -Wl,-build-id=none -specs=Xilinx.spec -Wl,-T -Wl,../src/lscript.ld -L../../mastcam_mvmt_bsp/ps7_cortexa9_0/lib -o "mastcam_mvmt.elf"  ./src/MastcamControl.o ./src/MastcamSupport.o ./src/platform.o   -Wl,--start-group,-lxil,-lgcc,-lc,--end-group
'Finished building target: mastcam_mvmt.elf'
' '
'Invoking: ARM v7 Print Size'
arm-none-eabi-size mastcam_mvmt.elf  |tee "mastcam_mvmt.elf.size"
   text	   data	    bss	    dec	    hex	filename
  34816	   2844	  22600	  60260	   eb64	mastcam_mvmt.elf
'Finished building: mastcam_mvmt.elf.size'
' '
15:06:03 **** Auto Build of configuration Debug for project mastcam_mvmt ****
make pre-build main-build 
a9-linaro-pre-build-step
' '
'Building file: ../src/MastcamControl.c'
'Invoking: ARM v7 gcc compiler'
arm-none-eabi-gcc -Wall -O0 -g3 -c -fmessage-length=0 -MT"src/MastcamControl.o" -mcpu=cortex-a9 -mfpu=vfpv3 -mfloat-abi=hard -I../../mastcam_mvmt_bsp/ps7_cortexa9_0/include -MMD -MP -MF"src/MastcamControl.d" -MT"src/MastcamControl.o" -o "src/MastcamControl.o" "../src/MastcamControl.c"
../src/MastcamControl.c: In function 'main':
../src/MastcamControl.c:90:16: warning: 'rec_byte' may be used uninitialized in this function [-Wmaybe-uninitialized]
      rec_cnt = XUartPs_Recv(&(Main_Hw.ps_uart), rec_byte, 16);
                ^~~~~~~~~~~~~~~~~~~~~~~~~~~~~~~~~~~~~~~~~~~~~~
'Finished building: ../src/MastcamControl.c'
' '
'Building target: mastcam_mvmt.elf'
'Invoking: ARM v7 gcc linker'
arm-none-eabi-gcc -mcpu=cortex-a9 -mfpu=vfpv3 -mfloat-abi=hard -Wl,-build-id=none -specs=Xilinx.spec -Wl,-T -Wl,../src/lscript.ld -L../../mastcam_mvmt_bsp/ps7_cortexa9_0/lib -o "mastcam_mvmt.elf"  ./src/MastcamControl.o ./src/MastcamSupport.o ./src/platform.o   -Wl,--start-group,-lxil,-lgcc,-lc,--end-group
'Finished building target: mastcam_mvmt.elf'
' '
'Invoking: ARM v7 Print Size'
arm-none-eabi-size mastcam_mvmt.elf  |tee "mastcam_mvmt.elf.size"
   text	   data	    bss	    dec	    hex	filename
  34816	   2844	  22600	  60260	   eb64	mastcam_mvmt.elf
'Finished building: mastcam_mvmt.elf.size'
' '
15:06:26 **** Auto Build of configuration Debug for project mastcam_mvmt ****
make pre-build main-build 
a9-linaro-pre-build-step
' '
'Building file: ../src/MastcamControl.c'
'Invoking: ARM v7 gcc compiler'
arm-none-eabi-gcc -Wall -O0 -g3 -c -fmessage-length=0 -MT"src/MastcamControl.o" -mcpu=cortex-a9 -mfpu=vfpv3 -mfloat-abi=hard -I../../mastcam_mvmt_bsp/ps7_cortexa9_0/include -MMD -MP -MF"src/MastcamControl.d" -MT"src/MastcamControl.o" -o "src/MastcamControl.o" "../src/MastcamControl.c"
../src/MastcamControl.c: In function 'main':
../src/MastcamControl.c:88:16: warning: 'rec_byte' may be used uninitialized in this function [-Wmaybe-uninitialized]
      rec_cnt = XUartPs_Recv(&(Main_Hw.ps_uart), rec_byte, 16);
                ^~~~~~~~~~~~~~~~~~~~~~~~~~~~~~~~~~~~~~~~~~~~~~
'Finished building: ../src/MastcamControl.c'
' '
'Building target: mastcam_mvmt.elf'
'Invoking: ARM v7 gcc linker'
arm-none-eabi-gcc -mcpu=cortex-a9 -mfpu=vfpv3 -mfloat-abi=hard -Wl,-build-id=none -specs=Xilinx.spec -Wl,-T -Wl,../src/lscript.ld -L../../mastcam_mvmt_bsp/ps7_cortexa9_0/lib -o "mastcam_mvmt.elf"  ./src/MastcamControl.o ./src/MastcamSupport.o ./src/platform.o   -Wl,--start-group,-lxil,-lgcc,-lc,--end-group
'Finished building target: mastcam_mvmt.elf'
' '
'Invoking: ARM v7 Print Size'
arm-none-eabi-size mastcam_mvmt.elf  |tee "mastcam_mvmt.elf.size"
   text	   data	    bss	    dec	    hex	filename
  34816	   2844	  22600	  60260	   eb64	mastcam_mvmt.elf
'Finished building: mastcam_mvmt.elf.size'
' '
15:06:36 **** Incremental Build of configuration Debug for project mastcam_mvmt ****
make pre-build main-build 
a9-linaro-pre-build-step
' '
make: Nothing to be done for `main-build'.
15:11:30 **** Incremental Build of configuration Debug for project mastcam_mvmt ****
make pre-build main-build 
a9-linaro-pre-build-step
' '
make: Nothing to be done for `main-build'.
15:11:59 **** Incremental Build of configuration Debug for project mastcam_mvmt ****
make pre-build main-build 
a9-linaro-pre-build-step
' '
make: Nothing to be done for `main-build'.
15:13:20 **** Auto Build of configuration Debug for project mastcam_mvmt ****
make pre-build main-build 
a9-linaro-pre-build-step
' '
'Building file: ../src/MastcamControl.c'
'Invoking: ARM v7 gcc compiler'
arm-none-eabi-gcc -Wall -O0 -g3 -c -fmessage-length=0 -MT"src/MastcamControl.o" -mcpu=cortex-a9 -mfpu=vfpv3 -mfloat-abi=hard -I../../mastcam_mvmt_bsp/ps7_cortexa9_0/include -MMD -MP -MF"src/MastcamControl.d" -MT"src/MastcamControl.o" -o "src/MastcamControl.o" "../src/MastcamControl.c"
../src/MastcamControl.c: In function 'main':
../src/MastcamControl.c:90:16: warning: 'rec_byte' may be used uninitialized in this function [-Wmaybe-uninitialized]
      rec_cnt = XUartPs_Recv(&(Main_Hw.ps_uart), rec_byte, 16);
                ^~~~~~~~~~~~~~~~~~~~~~~~~~~~~~~~~~~~~~~~~~~~~~
'Finished building: ../src/MastcamControl.c'
' '
'Building target: mastcam_mvmt.elf'
'Invoking: ARM v7 gcc linker'
arm-none-eabi-gcc -mcpu=cortex-a9 -mfpu=vfpv3 -mfloat-abi=hard -Wl,-build-id=none -specs=Xilinx.spec -Wl,-T -Wl,../src/lscript.ld -L../../mastcam_mvmt_bsp/ps7_cortexa9_0/lib -o "mastcam_mvmt.elf"  ./src/MastcamControl.o ./src/MastcamSupport.o ./src/platform.o   -Wl,--start-group,-lxil,-lgcc,-lc,--end-group
'Finished building target: mastcam_mvmt.elf'
' '
'Invoking: ARM v7 Print Size'
arm-none-eabi-size mastcam_mvmt.elf  |tee "mastcam_mvmt.elf.size"
   text	   data	    bss	    dec	    hex	filename
  34816	   2844	  22600	  60260	   eb64	mastcam_mvmt.elf
'Finished building: mastcam_mvmt.elf.size'
' '
15:13:26 **** Auto Build of configuration Debug for project mastcam_mvmt ****
make pre-build main-build 
a9-linaro-pre-build-step
' '
'Building file: ../src/MastcamControl.c'
'Invoking: ARM v7 gcc compiler'
arm-none-eabi-gcc -Wall -O0 -g3 -c -fmessage-length=0 -MT"src/MastcamControl.o" -mcpu=cortex-a9 -mfpu=vfpv3 -mfloat-abi=hard -I../../mastcam_mvmt_bsp/ps7_cortexa9_0/include -MMD -MP -MF"src/MastcamControl.d" -MT"src/MastcamControl.o" -o "src/MastcamControl.o" "../src/MastcamControl.c"
../src/MastcamControl.c: In function 'main':
../src/MastcamControl.c:90:16: warning: 'rec_byte' may be used uninitialized in this function [-Wmaybe-uninitialized]
      rec_cnt = XUartPs_Recv(&(Main_Hw.ps_uart), rec_byte, 16);
                ^~~~~~~~~~~~~~~~~~~~~~~~~~~~~~~~~~~~~~~~~~~~~~
'Finished building: ../src/MastcamControl.c'
' '
'Building target: mastcam_mvmt.elf'
'Invoking: ARM v7 gcc linker'
arm-none-eabi-gcc -mcpu=cortex-a9 -mfpu=vfpv3 -mfloat-abi=hard -Wl,-build-id=none -specs=Xilinx.spec -Wl,-T -Wl,../src/lscript.ld -L../../mastcam_mvmt_bsp/ps7_cortexa9_0/lib -o "mastcam_mvmt.elf"  ./src/MastcamControl.o ./src/MastcamSupport.o ./src/platform.o   -Wl,--start-group,-lxil,-lgcc,-lc,--end-group
'Finished building target: mastcam_mvmt.elf'
' '
'Invoking: ARM v7 Print Size'
arm-none-eabi-size mastcam_mvmt.elf  |tee "mastcam_mvmt.elf.size"
   text	   data	    bss	    dec	    hex	filename
  34816	   2844	  22600	  60260	   eb64	mastcam_mvmt.elf
'Finished building: mastcam_mvmt.elf.size'
' '
