17:08:27 **** Auto Build of configuration Debug for project mastcam_control_bsp_xtmrctr_fast_intr_example_1 ****
make pre-build main-build 
a9-linaro-pre-build-step
' '
'Building file: ../src/xtmrctr_fast_intr_example.c'
'Invoking: ARM v7 gcc compiler'
arm-none-eabi-gcc -Wall -O0 -g3 -c -fmessage-length=0 -MT"src/xtmrctr_fast_intr_example.o" -mcpu=cortex-a9 -mfpu=vfpv3 -mfloat-abi=hard -I../../mastcam_control_bsp/ps7_cortexa9_0/include -MMD -MP -MF"src/xtmrctr_fast_intr_example.d" -MT"src/xtmrctr_fast_intr_example.o" -o "src/xtmrctr_fast_intr_example.o" "../src/xtmrctr_fast_intr_example.c"
../src/xtmrctr_fast_intr_example.c:113:1: warning: 'fast_interrupt' attribute directive ignored [-Wattributes]
 void TmrCtr_FastHandler(void) __attribute__ ((fast_interrupt));
 ^~~~
'Finished building: ../src/xtmrctr_fast_intr_example.c'
' '
'Building target: mastcam_control_bsp_xtmrctr_fast_intr_example_1.elf'
'Invoking: ARM v7 gcc linker'
arm-none-eabi-gcc -mcpu=cortex-a9 -mfpu=vfpv3 -mfloat-abi=hard -Wl,-build-id=none -specs=Xilinx.spec -Wl,-T -Wl,../src/lscript.ld -L../../mastcam_control_bsp/ps7_cortexa9_0/lib -o "mastcam_control_bsp_xtmrctr_fast_intr_example_1.elf"  ./src/xtmrctr_fast_intr_example.o   -Wl,--start-group,-lxil,-lgcc,-lc,--end-group
'Finished building target: mastcam_control_bsp_xtmrctr_fast_intr_example_1.elf'
' '
'Invoking: ARM v7 Print Size'
arm-none-eabi-size mastcam_control_bsp_xtmrctr_fast_intr_example_1.elf  |tee "mastcam_control_bsp_xtmrctr_fast_intr_example_1.elf.size"
   text	   data	    bss	    dec	    hex	filename
  29448	   1228	  22776	  53452	   d0cc	mastcam_control_bsp_xtmrctr_fast_intr_example_1.elf
'Finished building: mastcam_control_bsp_xtmrctr_fast_intr_example_1.elf.size'
' '

17:08:28 Build Finished (took 1s.85ms)

