15:30:45 **** Build of configuration Debug for project mastcam_bsp_xuartps_polled_example_1 ****
make pre-build main-build 
a9-linaro-pre-build-step
' '
'Building file: ../src/xuartps_polled_example.c'
'Invoking: ARM v7 gcc compiler'
arm-none-eabi-gcc -Wall -O0 -g3 -c -fmessage-length=0 -MT"src/xuartps_polled_example.o" -mcpu=cortex-a9 -mfpu=vfpv3 -mfloat-abi=hard -I../../mastcam_bsp/ps7_cortexa9_0/include -MMD -MP -MF"src/xuartps_polled_example.d" -MT"src/xuartps_polled_example.o" -o "src/xuartps_polled_example.o" "../src/xuartps_polled_example.c"
'Finished building: ../src/xuartps_polled_example.c'
' '
'Building target: mastcam_bsp_xuartps_polled_example_1.elf'
'Invoking: ARM v7 gcc linker'
arm-none-eabi-gcc -mcpu=cortex-a9 -mfpu=vfpv3 -mfloat-abi=hard -Wl,-build-id=none -specs=Xilinx.spec -Wl,-T -Wl,../src/lscript.ld -L../../mastcam_bsp/ps7_cortexa9_0/lib -o "mastcam_bsp_xuartps_polled_example_1.elf"  ./src/xuartps_polled_example.o   -Wl,--start-group,-lxil,-lgcc,-lc,--end-group
'Finished building target: mastcam_bsp_xuartps_polled_example_1.elf'
' '
'Invoking: ARM v7 Print Size'
arm-none-eabi-size mastcam_bsp_xuartps_polled_example_1.elf  |tee "mastcam_bsp_xuartps_polled_example_1.elf.size"
   text	   data	    bss	    dec	    hex	filename
  27112	   1204	  22744	  51060	   c774	mastcam_bsp_xuartps_polled_example_1.elf
'Finished building: mastcam_bsp_xuartps_polled_example_1.elf.size'
' '

15:30:46 Build Finished (took 1s.55ms)

