11:52:16 **** Build of configuration Debug for project mastcam_cntrl_bsp_xuartlite_polled_example_1 ****
make pre-build main-build 
a9-linaro-pre-build-step
' '
'Building file: ../src/xuartlite_polled_example.c'
'Invoking: ARM v7 gcc compiler'
arm-none-eabi-gcc -Wall -O0 -g3 -c -fmessage-length=0 -MT"src/xuartlite_polled_example.o" -mcpu=cortex-a9 -mfpu=vfpv3 -mfloat-abi=hard -I../../mastcam_cntrl_bsp/ps7_cortexa9_0/include -MMD -MP -MF"src/xuartlite_polled_example.d" -MT"src/xuartlite_polled_example.o" -o "src/xuartlite_polled_example.o" "../src/xuartlite_polled_example.c"
'Finished building: ../src/xuartlite_polled_example.c'
' '
'Building target: mastcam_cntrl_bsp_xuartlite_polled_example_1.elf'
'Invoking: ARM v7 gcc linker'
arm-none-eabi-gcc -mcpu=cortex-a9 -mfpu=vfpv3 -mfloat-abi=hard -Wl,-build-id=none -specs=Xilinx.spec -Wl,-T -Wl,../src/lscript.ld -L../../mastcam_cntrl_bsp/ps7_cortexa9_0/lib -o "mastcam_cntrl_bsp_xuartlite_polled_example_1.elf"  ./src/xuartlite_polled_example.o   -Wl,--start-group,-lxil,-lgcc,-lc,--end-group
'Finished building target: mastcam_cntrl_bsp_xuartlite_polled_example_1.elf'
' '
'Invoking: ARM v7 Print Size'
arm-none-eabi-size mastcam_cntrl_bsp_xuartlite_polled_example_1.elf  |tee "mastcam_cntrl_bsp_xuartlite_polled_example_1.elf.size"
   text	   data	    bss	    dec	    hex	filename
  24564	   1172	  22696	  48432	   bd30	mastcam_cntrl_bsp_xuartlite_polled_example_1.elf
'Finished building: mastcam_cntrl_bsp_xuartlite_polled_example_1.elf.size'
' '

11:52:17 Build Finished (took 1s.381ms)

