21:55:26 **** Auto Build of configuration Debug for project mastcam_cntrl_bsp_xtmrctr_intr_example_1 ****
make pre-build main-build 
a9-linaro-pre-build-step
' '
'Building file: ../src/xtmrctr_intr_example.c'
'Invoking: ARM v7 gcc compiler'
arm-none-eabi-gcc -Wall -O0 -g3 -c -fmessage-length=0 -MT"src/xtmrctr_intr_example.o" -mcpu=cortex-a9 -mfpu=vfpv3 -mfloat-abi=hard -I../../mastcam_cntrl_bsp/ps7_cortexa9_0/include -MMD -MP -MF"src/xtmrctr_intr_example.d" -MT"src/xtmrctr_intr_example.o" -o "src/xtmrctr_intr_example.o" "../src/xtmrctr_intr_example.c"
'Finished building: ../src/xtmrctr_intr_example.c'
' '
'Building target: mastcam_cntrl_bsp_xtmrctr_intr_example_1.elf'
'Invoking: ARM v7 gcc linker'
arm-none-eabi-gcc -mcpu=cortex-a9 -mfpu=vfpv3 -mfloat-abi=hard -Wl,-build-id=none -specs=Xilinx.spec -Wl,-T -Wl,../src/lscript.ld -L../../mastcam_cntrl_bsp/ps7_cortexa9_0/lib -o "mastcam_cntrl_bsp_xtmrctr_intr_example_1.elf"  ./src/xtmrctr_intr_example.o   -Wl,--start-group,-lxil,-lgcc,-lc,--end-group
'Finished building target: mastcam_cntrl_bsp_xtmrctr_intr_example_1.elf'
' '
'Invoking: ARM v7 Print Size'
arm-none-eabi-size mastcam_cntrl_bsp_xtmrctr_intr_example_1.elf  |tee "mastcam_cntrl_bsp_xtmrctr_intr_example_1.elf.size"
   text	   data	    bss	    dec	    hex	filename
  29120	   2740	  22648	  54508	   d4ec	mastcam_cntrl_bsp_xtmrctr_intr_example_1.elf
'Finished building: mastcam_cntrl_bsp_xtmrctr_intr_example_1.elf.size'
' '

21:55:27 Build Finished (took 1s.81ms)

