21:16:56 **** Auto Build of configuration Debug for project mastcam_mvmt ****
make pre-build main-build 
a9-linaro-pre-build-step
' '
'Building file: ../src/MastcamControl.c'
'Invoking: ARM v7 gcc compiler'
arm-none-eabi-gcc -Wall -O0 -g3 -c -fmessage-length=0 -MT"src/MastcamControl.o" -mcpu=cortex-a9 -mfpu=vfpv3 -mfloat-abi=hard -I../../mastcam_mvmt_bsp/ps7_cortexa9_0/include -MMD -MP -MF"src/MastcamControl.d" -MT"src/MastcamControl.o" -o "src/MastcamControl.o" "../src/MastcamControl.c"
../src/MastcamControl.c: In function 'main':
../src/MastcamControl.c:122:10: warning: variable 'run_print' set but not used [-Wunused-but-set-variable]
     char run_print;
          ^~~~~~~~~
../src/MastcamControl.c:112:6: warning: unused variable 'i' [-Wunused-variable]
  int i; //iterator
      ^
'Finished building: ../src/MastcamControl.c'
' '
'Building target: mastcam_mvmt.elf'
'Invoking: ARM v7 gcc linker'
arm-none-eabi-gcc -mcpu=cortex-a9 -mfpu=vfpv3 -mfloat-abi=hard -Wl,-build-id=none -specs=Xilinx.spec -Wl,-T -Wl,../src/lscript.ld -L../../mastcam_mvmt_bsp/ps7_cortexa9_0/lib -o "mastcam_mvmt.elf"  ./src/MastcamControl.o ./src/MastcamSupport.o ./src/platform.o   -Wl,--start-group,-lxil,-lgcc,-lc,--end-group
'Finished building target: mastcam_mvmt.elf'
' '
'Invoking: ARM v7 Print Size'
arm-none-eabi-size mastcam_mvmt.elf  |tee "mastcam_mvmt.elf.size"
   text	   data	    bss	    dec	    hex	filename
  42148	   3924	  22664	  68736	  10c80	mastcam_mvmt.elf
'Finished building: mastcam_mvmt.elf.size'
' '

21:16:58 Build Finished (took 1s.144ms)

